Component: ARM Compiler 5.06 update 7 (build 960) Tool: armlink [4d3601]

==============================================================================

Section Cross References

    startup_stm32f103xb.o(RESET) refers to startup_stm32f103xb.o(STACK) for __initial_sp
    startup_stm32f103xb.o(RESET) refers to startup_stm32f103xb.o(.text) for Reset_Handler
    startup_stm32f103xb.o(RESET) refers to stm32f1xx_it.o(i.NMI_Handler) for NMI_Handler
    startup_stm32f103xb.o(RESET) refers to stm32f1xx_it.o(i.HardFault_Handler) for HardFault_Handler
    startup_stm32f103xb.o(RESET) refers to stm32f1xx_it.o(i.MemManage_Handler) for MemManage_Handler
    startup_stm32f103xb.o(RESET) refers to stm32f1xx_it.o(i.BusFault_Handler) for BusFault_Handler
    startup_stm32f103xb.o(RESET) refers to stm32f1xx_it.o(i.UsageFault_Handler) for UsageFault_Handler
    startup_stm32f103xb.o(RESET) refers to stm32f1xx_it.o(i.SVC_Handler) for SVC_Handler
    startup_stm32f103xb.o(RESET) refers to stm32f1xx_it.o(i.DebugMon_Handler) for DebugMon_Handler
    startup_stm32f103xb.o(RESET) refers to stm32f1xx_it.o(i.PendSV_Handler) for PendSV_Handler
    startup_stm32f103xb.o(RESET) refers to stm32f1xx_it.o(i.SysTick_Handler) for SysTick_Handler
    startup_stm32f103xb.o(RESET) refers to stm32f1xx_it.o(i.DMA1_Channel1_IRQHandler) for DMA1_Channel1_IRQHandler
    startup_stm32f103xb.o(RESET) refers to stm32f1xx_it.o(i.DMA1_Channel6_IRQHandler) for DMA1_Channel6_IRQHandler
    startup_stm32f103xb.o(RESET) refers to stm32f1xx_it.o(i.ADC1_2_IRQHandler) for ADC1_2_IRQHandler
    startup_stm32f103xb.o(RESET) refers to stm32f1xx_it.o(i.USART1_IRQHandler) for USART1_IRQHandler
    startup_stm32f103xb.o(RESET) refers to stm32f1xx_it.o(i.USART2_IRQHandler) for USART2_IRQHandler
    startup_stm32f103xb.o(.text) refers to system_stm32f1xx.o(i.SystemInit) for SystemInit
    startup_stm32f103xb.o(.text) refers to entry.o(.ARM.Collect$$$$00000000) for __main
    main.o(i.SystemClock_Config) refers to memseta.o(.text) for __aeabi_memclr4
    main.o(i.SystemClock_Config) refers to stm32f1xx_hal_rcc.o(i.HAL_RCC_OscConfig) for HAL_RCC_OscConfig
    main.o(i.SystemClock_Config) refers to stm32f1xx_hal_rcc.o(i.HAL_RCC_ClockConfig) for HAL_RCC_ClockConfig
    main.o(i.SystemClock_Config) refers to stm32f1xx_hal_rcc_ex.o(i.HAL_RCCEx_PeriphCLKConfig) for HAL_RCCEx_PeriphCLKConfig
    main.o(i.main) refers to stm32f1xx_hal.o(i.HAL_Init) for HAL_Init
    main.o(i.main) refers to main.o(i.SystemClock_Config) for SystemClock_Config
    main.o(i.main) refers to gpio.o(i.MX_GPIO_Init) for MX_GPIO_Init
    main.o(i.main) refers to dma.o(i.MX_DMA_Init) for MX_DMA_Init
    main.o(i.main) refers to usart.o(i.MX_USART1_UART_Init) for MX_USART1_UART_Init
    main.o(i.main) refers to adc.o(i.MX_ADC1_Init) for MX_ADC1_Init
    main.o(i.main) refers to tim.o(i.MX_TIM1_Init) for MX_TIM1_Init
    main.o(i.main) refers to i2c.o(i.MX_I2C1_Init) for MX_I2C1_Init
    main.o(i.main) refers to usart.o(i.MX_USART2_UART_Init) for MX_USART2_UART_Init
    main.o(i.main) refers to usart.o(i.MX_USART3_UART_Init) for MX_USART3_UART_Init
    main.o(i.main) refers to dht11.o(i.DHT11_Init) for DHT11_Init
    main.o(i.main) refers to mpu6050.o(i.MPU_Init) for MPU_Init
    main.o(i.main) refers to inv_mpu.o(i.mpu_dmp_init) for mpu_dmp_init
    main.o(i.main) refers to max30102.o(i.MAX30102_Init) for MAX30102_Init
    main.o(i.main) refers to scheduler.o(i.scheduler_init) for scheduler_init
    main.o(i.main) refers to esp01s.o(i.esp_init) for esp_init
    main.o(i.main) refers to stm32f1xx_hal_adc.o(i.HAL_ADC_Start_DMA) for HAL_ADC_Start_DMA
    main.o(i.main) refers to scheduler.o(i.scheduler_run) for scheduler_run
    main.o(i.main) refers to mq2.o(.bss) for dma_buffer
    main.o(i.main) refers to adc.o(.bss) for hadc1
    gpio.o(i.MX_GPIO_Init) refers to stm32f1xx_hal_gpio.o(i.HAL_GPIO_WritePin) for HAL_GPIO_WritePin
    gpio.o(i.MX_GPIO_Init) refers to stm32f1xx_hal_gpio.o(i.HAL_GPIO_Init) for HAL_GPIO_Init
    adc.o(i.HAL_ADC_MspDeInit) refers to stm32f1xx_hal_gpio.o(i.HAL_GPIO_DeInit) for HAL_GPIO_DeInit
    adc.o(i.HAL_ADC_MspDeInit) refers to stm32f1xx_hal_dma.o(i.HAL_DMA_DeInit) for HAL_DMA_DeInit
    adc.o(i.HAL_ADC_MspDeInit) refers to stm32f1xx_hal_cortex.o(i.HAL_NVIC_DisableIRQ) for HAL_NVIC_DisableIRQ
    adc.o(i.HAL_ADC_MspInit) refers to stm32f1xx_hal_gpio.o(i.HAL_GPIO_Init) for HAL_GPIO_Init
    adc.o(i.HAL_ADC_MspInit) refers to stm32f1xx_hal_dma.o(i.HAL_DMA_Init) for HAL_DMA_Init
    adc.o(i.HAL_ADC_MspInit) refers to main.o(i.Error_Handler) for Error_Handler
    adc.o(i.HAL_ADC_MspInit) refers to stm32f1xx_hal_cortex.o(i.HAL_NVIC_SetPriority) for HAL_NVIC_SetPriority
    adc.o(i.HAL_ADC_MspInit) refers to stm32f1xx_hal_cortex.o(i.HAL_NVIC_EnableIRQ) for HAL_NVIC_EnableIRQ
    adc.o(i.HAL_ADC_MspInit) refers to adc.o(.bss) for .bss
    adc.o(i.MX_ADC1_Init) refers to stm32f1xx_hal_adc.o(i.HAL_ADC_Init) for HAL_ADC_Init
[...]
    _printf_p                                0x00000000   Number         0  stubs.o ABSOLUTE
    _printf_percent                          0x00000000   Number         0  stubs.o ABSOLUTE
    _printf_pre_padding                      0x00000000   Number         0  stubs.o ABSOLUTE
    _printf_return_value                     0x00000000   Number         0  stubs.o ABSOLUTE
    _printf_s                                0x00000000   Number         0  stubs.o ABSOLUTE
    _printf_sizespec                         0x00000000   Number         0  stubs.o ABSOLUTE
    _printf_str                              0x00000000   Number         0  stubs.o ABSOLUTE
    _printf_truncate_signed                  0x00000000   Number         0  stubs.o ABSOLUTE
    _printf_truncate_unsigned                0x00000000   Number         0  stubs.o ABSOLUTE
    _printf_u                                0x00000000   Number         0  stubs.o ABSOLUTE
    _printf_wc                               0x00000000   Number         0  stubs.o ABSOLUTE
    _printf_wctomb                           0x00000000   Number         0  stubs.o ABSOLUTE
    _printf_widthprec                        0x00000000   Number         0  stubs.o ABSOLUTE
    _printf_x                                0x00000000   Number         0  stubs.o ABSOLUTE
    __arm_fini_                               - Undefined Weak Reference
    __cpp_initialize__aeabi_                  - Undefined Weak Reference
    __cxa_finalize                            - Undefined Weak Reference
    _clock_init                               - Undefined Weak Reference
    _microlib_exit                            - Undefined Weak Reference
    __Vectors_Size                           0x000000ec   Number         0  startup_stm32f103xb.o ABSOLUTE
    __Vectors                                0x08000000   Data           4  startup_stm32f103xb.o(RESET)
    __Vectors_End                            0x080000ec   Data           0  startup_stm32f103xb.o(RESET)
    __main                                   0x080000ed   Thumb Code     0  entry.o(.ARM.Collect$$$$00000000)
    _main_stk                                0x080000ed   Thumb Code     0  entry2.o(.ARM.Collect$$$$00000001)
    _main_scatterload                        0x080000f1   Thumb Code     0  entry5.o(.ARM.Collect$$$$00000004)
    __main_after_scatterload                 0x080000f5   Thumb Code     0  entry5.o(.ARM.Collect$$$$00000004)
    _main_clock                              0x080000f5   Thumb Code     0  entry7b.o(.ARM.Collect$$$$00000008)
    _main_cpp_init                           0x080000f5   Thumb Code     0  entry8b.o(.ARM.Collect$$$$0000000A)
    _main_init                               0x080000f5   Thumb Code     0  entry9a.o(.ARM.Collect$$$$0000000B)
    __rt_lib_shutdown_fini                   0x080000fd   Thumb Code     0  entry12b.o(.ARM.Collect$$$$0000000E)
    __rt_final_cpp                           0x08000101   Thumb Code     0  entry10a.o(.ARM.Collect$$$$0000000F)
    __rt_final_exit                          0x08000101   Thumb Code     0  entry11a.o(.ARM.Collect$$$$00000011)
    Reset_Handler                            0x08000105   Thumb Code     8  startup_stm32f103xb.o(.text)
    CAN1_RX1_IRQHandler                      0x0800011f   Thumb Code     0  startup_stm32f103xb.o(.text)
    CAN1_SCE_IRQHandler                      0x0800011f   Thumb Code     0  startup_stm32f103xb.o(.text)
    DMA1_Channel2_IRQHandler                 0x0800011f   Thumb Code     0  startup_stm32f103xb.o(.text)
    DMA1_Channel3_IRQHandler                 0x0800011f   Thumb Code     0  startup_stm32f103xb.o(.text)
    DMA1_Channel4_IRQHandler                 0x0800011f   Thumb Code     0  startup_stm32f103xb.o(.text)
    DMA1_Channel5_IRQHandler                 0x0800011f   Thumb Code     0  startup_stm32f103xb.o(.text)
    DMA1_Channel7_IRQHandler                 0x0800011f   Thumb Code     0  startup_stm32f103xb.o(.text)
    EXTI0_IRQHandler                         0x0800011f   Thumb Code     0  startup_stm32f103xb.o(.text)
    EXTI15_10_IRQHandler                     0x0800011f   Thumb Code     0  startup_stm32f103xb.o(.text)
    EXTI1_IRQHandler                         0x0800011f   Thumb Code     0  startup_stm32f103xb.o(.text)
    EXTI2_IRQHandler                         0x0800011f   Thumb Code     0  startup_stm32f103xb.o(.text)
    EXTI3_IRQHandler                         0x0800011f   Thumb Code     0  startup_stm32f103xb.o(.text)
    EXTI4_IRQHandler                         0x0800011f   Thumb Code     0  startup_stm32f103xb.o(.text)
    EXTI9_5_IRQHandler                       0x0800011f   Thumb Code     0  startup_stm32f103xb.o(.text)
    FLASH_IRQHandler                         0x0800011f   Thumb Code     0  startup_stm32f103xb.o(.text)
    I2C1_ER_IRQHandler                       0x0800011f   Thumb Code     0  startup_stm32f103xb.o(.text)
    I2C1_EV_IRQHandler                       0x0800011f   Thumb Code     0  startup_stm32f103xb.o(.text)
    I2C2_ER_IRQHandler                       0x0800011f   Thumb Code     0  startup_stm32f103xb.o(.text)
    I2C2_EV_IRQHandler                       0x0800011f   Thumb Code     0  startup_stm32f103xb.o(.text)
    PVD_IRQHandler                           0x0800011f   Thumb Code     0  startup_stm32f103xb.o(.text)
    RCC_IRQHandler                           0x0800011f   Thumb Code     0  startup_stm32f103xb.o(.text)
    RTC_Alarm_IRQHandler                     0x0800011f   Thumb Code     0  startup_stm32f103xb.o(.text)
    RTC_IRQHandler                           0x0800011f   Thumb Code     0  startup_stm32f103xb.o(.text)
    SPI1_IRQHandler                          0x0800011f   Thumb Code     0  startup_stm32f103xb.o(.text)
    SPI2_IRQHandler                          0x0800011f   Thumb Code     0  startup_stm32f103xb.o(.text)
    TAMPER_IRQHandler                        0x0800011f   Thumb Code     0  startup_stm32f103xb.o(.text)
    TIM1_BRK_IRQHandler                      0x0800011f   Thumb Code     0  startup_stm32f103xb.o(.text)
    TIM1_CC_IRQHandler                       0x0800011f   Thumb Code     0  startup_stm32f103xb.o(.text)
    TIM1_TRG_COM_IRQHandler                  0x0800011f   Thumb Code     0  startup_stm32f103xb.o(.text)
    TIM1_UP_IRQHandler                       0x0800011f   Thumb Code     0  startup_stm32f103xb.o(.text)
    TIM2_IRQHandler                          0x0800011f   Thumb Code     0  startup_stm32f103xb.o(.text)
    TIM3_IRQHandler                          0x0800011f   Thumb Code     0  startup_stm32f103xb.o(.text)
    TIM4_IRQHandler                          0x0800011f   Thumb Code     0  startup_stm32f103xb.o(.text)
    USART3_IRQHandler                        0x0800011f   Thumb Code     0  startup_stm32f103xb.o(.text)
    USBWakeUp_IRQHandler                     0x0800011f   Thumb Code     0  startup_stm32f103xb.o(.text)
    USB_HP_CAN1_TX_IRQHandler                0x0800011f   Thumb Code     0  startup_stm32f103xb.o(.text)
    USB_LP_CAN1_RX0_IRQHandler               0x0800011f   Thumb Code     0  startup_stm32f103xb.o(.text)
    WWDG_IRQHandler                          0x0800011f   Thumb Code     0  startup_stm32f103xb.o(.text)
    __aeabi_ldivmod                          0x08000129   Thumb Code    98  ldiv.o(.text)
    __aeabi_llsr                             0x0800018b   Thumb Code    32  llushr.o(.text)
    _ll_ushift_r                             0x0800018b   Thumb Code     0  llushr.o(.text)
    __aeabi_memset                           0x080001ab   Thumb Code    14  memseta.o(.text)
    __aeabi_memset4                          0x080001ab   Thumb Code     0  memseta.o(.text)
    __aeabi_memset8                          0x080001ab   Thumb Code     0  memseta.o(.text)
    __aeabi_memclr                           0x080001b9   Thumb Code     4  memseta.o(.text)
    __aeabi_memclr4                          0x080001b9   Thumb Code     0  memseta.o(.text)
    __aeabi_memclr8                          0x080001b9   Thumb Code     0  memseta.o(.text)
    _memset$wrapper                          0x080001bd   Thumb Code    18  memseta.o(.text)
    strstr                                   0x080001cf   Thumb Code    36  strstr.o(.text)
    strncpy                                  0x080001f3   Thumb Code    24  strncpy.o(.text)
    strcmp                                   0x0800020b   Thumb Code    28  strcmp.o(.text)
    memcmp                                   0x08000227   Thumb Code    26  memcmp.o(.text)
    strtok                                   0x08000241   Thumb Code    62  strtok.o(.text)
    __aeabi_fadd                             0x08000285   Thumb Code   164  fadd.o(.text)
    __aeabi_fsub                             0x08000329   Thumb Code     6  fadd.o(.text)
    __aeabi_frsub                            0x0800032f   Thumb Code     6  fadd.o(.text)
    __aeabi_fmul                             0x08000335   Thumb Code   100  fmul.o(.text)
    __aeabi_fdiv                             0x08000399   Thumb Code   124  fdiv.o(.text)
    __ARM_scalbnf                            0x08000415   Thumb Code    24  fscalb.o(.text)
    scalbnf                                  0x08000415   Thumb Code     0  fscalb.o(.text)
    __aeabi_dadd                             0x0800042d   Thumb Code   322  dadd.o(.text)
    __aeabi_dsub                             0x0800056f   Thumb Code     6  dadd.o(.text)
    __aeabi_drsub                            0x08000575   Thumb Code     6  dadd.o(.text)
    __aeabi_dmul                             0x0800057b   Thumb Code   228  dmul.o(.text)
    __aeabi_ddiv                             0x0800065f   Thumb Code   222  ddiv.o(.text)
    __aeabi_i2f                              0x0800073d   Thumb Code    18  fflti.o(.text)
    __aeabi_ui2f                             0x0800074f   Thumb Code    10  ffltui.o(.text)
    __aeabi_i2d                              0x08000759   Thumb Code    34  dflti.o(.text)
    __aeabi_f2iz                             0x0800077b   Thumb Code    50  ffixi.o(.text)
    __aeabi_f2uiz                            0x080007ad   Thumb Code    40  ffixui.o(.text)
    __aeabi_d2iz                             0x080007d5   Thumb Code    62  dfixi.o(.text)
    __aeabi_d2uiz                            0x08000813   Thumb Code    50  dfixui.o(.text)
    __aeabi_f2d                              0x08000845   Thumb Code    38  f2d.o(.text)
    __aeabi_d2f                              0x0800086b   Thumb Code    56  d2f.o(.text)
    __aeabi_uidiv                            0x080008a3   Thumb Code     0  uidiv.o(.text)
    __aeabi_uidivmod                         0x080008a3   Thumb Code    44  uidiv.o(.text)
    __aeabi_uldivmod                         0x080008cf   Thumb Code    98  uldiv.o(.text)
    __aeabi_llsl                             0x08000931   Thumb Code    30  llshl.o(.text)
    _ll_shift_l                              0x08000931   Thumb Code     0  llshl.o(.text)
    __aeabi_lasr                             0x0800094f   Thumb Code    36  llsshr.o(.text)
    _ll_sshift_r                             0x0800094f   Thumb Code     0  llsshr.o(.text)
    __strtod_int                             0x080009ab   Thumb Code    90  strtod.o(.text)
    __I$use$fp                               0x08000a11   Thumb Code     0  iusefp.o(.text)
    _float_round                             0x08000a11   Thumb Code    18  fepilogue.o(.text)
    _float_epilogue                          0x08000a23   Thumb Code    92  fepilogue.o(.text)
    _double_round                            0x08000a7f   Thumb Code    30  depilogue.o(.text)
    _double_epilogue                         0x08000a9d   Thumb Code   156  depilogue.o(.text)
    __ARM_scalbn                             0x08000b39   Thumb Code    46  dscalb.o(.text)
    scalbn                                   0x08000b39   Thumb Code     0  dscalb.o(.text)
    _dsqrt                                   0x08000b67   Thumb Code   162  dsqrt.o(.text)
    __aeabi_d2ulz                            0x08000c09   Thumb Code    48  dfixul.o(.text)
    __aeabi_cdcmpeq                          0x08000c39   Thumb Code     0  cdcmple.o(.text)
    __aeabi_cdcmple                          0x08000c39   Thumb Code    48  cdcmple.o(.text)
    __aeabi_cdrcmple                         0x08000c69   Thumb Code    48  cdrcmple.o(.text)
    __scatterload                            0x08000c99   Thumb Code    28  init.o(.text)
    __scatterload_rt2                        0x08000c99   Thumb Code     0  init.o(.text)
    isspace                                  0x08000cbd   Thumb Code    10  isspace_c.o(.text)
    _scanf_real                              0x08000df1   Thumb Code     0  scanf_fp.o(.text)
    _scanf_really_real                       0x08000df1   Thumb Code   556  scanf_fp.o(.text)
    _sgetc                                   0x08001029   Thumb Code    30  _sgetc.o(.text)
    _sbackspace                              0x08001047   Thumb Code    34  _sgetc.o(.text)
    __ctype_lookup                           0x08001069   Thumb Code    34  ctype_c.o(.text)
    __aeabi_ul2d                             0x08001091   Thumb Code    24  dfltul.o(.text)
    __decompress                             0x080010a9   Thumb Code     0  __dczerorl2.o(.text)
    __decompress1                            0x080010a9   Thumb Code    86  __dczerorl2.o(.text)
    ADC1_2_IRQHandler                        0x08001101   Thumb Code     6  stm32f1xx_it.o(i.ADC1_2_IRQHandler)
    ADC_ConversionStop_Disable               0x0800110d   Thumb Code    86  stm32f1xx_hal_adc.o(i.ADC_ConversionStop_Disable)
    ADC_DMAConvCplt                          0x08001163   Thumb Code    78  stm32f1xx_hal_adc.o(i.ADC_DMAConvCplt)
    ADC_DMAError                             0x080011b1   Thumb Code    26  stm32f1xx_hal_adc.o(i.ADC_DMAError)
    ADC_DMAHalfConvCplt                      0x080011cb   Thumb Code    10  stm32f1xx_hal_adc.o(i.ADC_DMAHalfConvCplt)
    ADC_Enable                               0x080011d5   Thumb Code   114  stm32f1xx_hal_adc.o(i.ADC_Enable)
    BusFault_Handler                         0x08001251   Thumb Code     2  stm32f1xx_it.o(i.BusFault_Handler)
    Calculate_Heart_Rate_and_SpO2            0x08001255   Thumb Code    34  max30102_app.o(i.Calculate_Heart_Rate_and_SpO2)
    DHT11_Check                              0x0800127d   Thumb Code    90  dht11.o(i.DHT11_Check)
    DHT11_Init                               0x080012e1   Thumb Code    72  dht11.o(i.DHT11_Init)
    DHT11_Read_Bit                           0x08001331   Thumb Code    70  dht11.o(i.DHT11_Read_Bit)
    DHT11_Read_Byte                          0x0800137d   Thumb Code    26  dht11.o(i.DHT11_Read_Byte)
    DHT11_Read_Data                          0x08001399   Thumb Code    82  dht11.o(i.DHT11_Read_Data)
    DHT11_Rst                                0x080013ed   Thumb Code    52  dht11.o(i.DHT11_Rst)
    DMA1_Channel1_IRQHandler                 0x08001429   Thumb Code     6  stm32f1xx_it.o(i.DMA1_Channel1_IRQHandler)
    DMA1_Channel6_IRQHandler                 0x08001435   Thumb Code     6  stm32f1xx_it.o(i.DMA1_Channel6_IRQHandler)
    DebugMon_Handler                         0x0800146b   Thumb Code     2  stm32f1xx_it.o(i.DebugMon_Handler)
    Delay_us                                 0x0800146d   Thumb Code    44  dht11.o(i.Delay_us)
    Error_Handler                            0x0800149d   Thumb Code     4  main.o(i.Error_Handler)
    HAL_ADCEx_InjectedConvCpltCallback       0x080014a1   Thumb Code     2  stm32f1xx_hal_adc_ex.o(i.HAL_ADCEx_InjectedConvCpltCallback)
    HAL_ADC_ConfigChannel                    0x080014a5   Thumb Code   240  stm32f1xx_hal_adc.o(i.HAL_ADC_ConfigChannel)
    HAL_ADC_ConvCpltCallback                 0x080015a1   Thumb Code     2  stm32f1xx_hal_adc.o(i.HAL_ADC_ConvCpltCallback)
    HAL_ADC_ConvHalfCpltCallback             0x080015a3   Thumb Code     2  stm32f1xx_hal_adc.o(i.HAL_ADC_ConvHalfCpltCallback)
    HAL_ADC_ErrorCallback                    0x080015a5   Thumb Code     2  stm32f1xx_hal_adc.o(i.HAL_ADC_ErrorCallback)
    HAL_ADC_IRQHandler                       0x080015a7   Thumb Code   220  stm32f1xx_hal_adc.o(i.HAL_ADC_IRQHandler)
    HAL_ADC_Init                             0x08001685   Thumb Code   272  stm32f1xx_hal_adc.o(i.HAL_ADC_Init)
    HAL_ADC_LevelOutOfWindowCallback         0x080017a1   Thumb Code     2  stm32f1xx_hal_adc.o(i.HAL_ADC_LevelOutOfWindowCallback)
    HAL_ADC_MspInit                          0x080017a5   Thumb Code   140  adc.o(i.HAL_ADC_MspInit)
    HAL_ADC_Start_DMA                        0x08001845   Thumb Code   246  stm32f1xx_hal_adc.o(i.HAL_ADC_Start_DMA)
    HAL_DMA_Abort                            0x08001951   Thumb Code    70  stm32f1xx_hal_dma.o(i.HAL_DMA_Abort)
    HAL_DMA_Abort_IT                         0x08001999   Thumb Code   148  stm32f1xx_hal_dma.o(i.HAL_DMA_Abort_IT)
    HAL_DMA_IRQHandler                       0x08001a31   Thumb Code   316  stm32f1xx_hal_dma.o(i.HAL_DMA_IRQHandler)
    HAL_DMA_Init                             0x08001b85   Thumb Code    84  stm32f1xx_hal_dma.o(i.HAL_DMA_Init)
    HAL_DMA_Start_IT                         0x08001be1   Thumb Code   112  stm32f1xx_hal_dma.o(i.HAL_DMA_Start_IT)
    HAL_Delay                                0x08001c51   Thumb Code    32  stm32f1xx_hal.o(i.HAL_Delay)
    HAL_GPIO_Init                            0x08001c75   Thumb Code   446  stm32f1xx_hal_gpio.o(i.HAL_GPIO_Init)
    HAL_GPIO_WritePin                        0x08001e55   Thumb Code    10  stm32f1xx_hal_gpio.o(i.HAL_GPIO_WritePin)
    HAL_GetTick                              0x08001e61   Thumb Code     6  stm32f1xx_hal.o(i.HAL_GetTick)
    HAL_I2C_Init                             0x08001e6d   Thumb Code   376  stm32f1xx_hal_i2c.o(i.HAL_I2C_Init)
    HAL_I2C_Master_Receive                   0x08001ff5   Thumb Code   576  stm32f1xx_hal_i2c.o(i.HAL_I2C_Master_Receive)
    HAL_I2C_Master_Transmit                  0x08002245   Thumb Code   290  stm32f1xx_hal_i2c.o(i.HAL_I2C_Master_Transmit)
    HAL_I2C_Mem_Read                         0x08002371   Thumb Code   586  stm32f1xx_hal_i2c.o(i.HAL_I2C_Mem_Read)
    HAL_I2C_Mem_Write                        0x080025cd   Thumb Code   294  stm32f1xx_hal_i2c.o(i.HAL_I2C_Mem_Write)
    HAL_I2C_MspInit                          0x080026fd   Thumb Code    80  i2c.o(i.HAL_I2C_MspInit)
    HAL_IncTick                              0x08002759   Thumb Code    12  stm32f1xx_hal.o(i.HAL_IncTick)
    HAL_Init                                 0x08002769   Thumb Code    32  stm32f1xx_hal.o(i.HAL_Init)
    HAL_InitTick                             0x0800278d   Thumb Code    54  stm32f1xx_hal.o(i.HAL_InitTick)
    HAL_MspInit                              0x080027cd   Thumb Code    52  stm32f1xx_hal_msp.o(i.HAL_MspInit)
    HAL_NVIC_EnableIRQ                       0x08002809   Thumb Code    26  stm32f1xx_hal_cortex.o(i.HAL_NVIC_EnableIRQ)
    HAL_NVIC_SetPriority                     0x08002825   Thumb Code    60  stm32f1xx_hal_cortex.o(i.HAL_NVIC_SetPriority)
    HAL_NVIC_SetPriorityGrouping             0x08002865   Thumb Code    26  stm32f1xx_hal_cortex.o(i.HAL_NVIC_SetPriorityGrouping)
    HAL_RCCEx_PeriphCLKConfig                0x08002889   Thumb Code   224  stm32f1xx_hal_rcc_ex.o(i.HAL_RCCEx_PeriphCLKConfig)
    HAL_RCC_ClockConfig                      0x08002975   Thumb Code   280  stm32f1xx_hal_rcc.o(i.HAL_RCC_ClockConfig)
    HAL_RCC_GetPCLK1Freq                     0x08002aa1   Thumb Code    20  stm32f1xx_hal_rcc.o(i.HAL_RCC_GetPCLK1Freq)
    HAL_RCC_GetPCLK2Freq                     0x08002ac1   Thumb Code    20  stm32f1xx_hal_rcc.o(i.HAL_RCC_GetPCLK2Freq)
    HAL_RCC_GetSysClockFreq                  0x08002ae1   Thumb Code    58  stm32f1xx_hal_rcc.o(i.HAL_RCC_GetSysClockFreq)
    HAL_RCC_OscConfig                        0x08002b2d   Thumb Code   778  stm32f1xx_hal_rcc.o(i.HAL_RCC_OscConfig)
    HAL_SYSTICK_Config                       0x08002e4d   Thumb Code    40  stm32f1xx_hal_cortex.o(i.HAL_SYSTICK_Config)
    HAL_TIMEx_MasterConfigSynchronization    0x08002e75   Thumb Code    92  stm32f1xx_hal_tim_ex.o(i.HAL_TIMEx_MasterConfigSynchronization)
    HAL_TIM_Base_Init                        0x08002edd   Thumb Code    90  stm32f1xx_hal_tim.o(i.HAL_TIM_Base_Init)
    HAL_TIM_Base_MspInit                     0x08002f39   Thumb Code    30  tim.o(i.HAL_TIM_Base_MspInit)
    HAL_TIM_Base_Start                       0x08002f61   Thumb Code    66  stm32f1xx_hal_tim.o(i.HAL_TIM_Base_Start)
    HAL_TIM_Base_Stop                        0x08002fb1   Thumb Code    38  stm32f1xx_hal_tim.o(i.HAL_TIM_Base_Stop)
    HAL_TIM_ConfigClockSource                0x08002fd7   Thumb Code   220  stm32f1xx_hal_tim.o(i.HAL_TIM_ConfigClockSource)
    HAL_UARTEx_ReceiveToIdle_DMA             0x080030b3   Thumb Code    74  stm32f1xx_hal_uart.o(i.HAL_UARTEx_ReceiveToIdle_DMA)
    HAL_UARTEx_RxEventCallback               0x080030fd   Thumb Code    36  atgm336h.o(i.HAL_UARTEx_RxEventCallback)
    HAL_UART_ErrorCallback                   0x08003129   Thumb Code     2  stm32f1xx_hal_uart.o(i.HAL_UART_ErrorCallback)
    HAL_UART_IRQHandler                      0x0800312d   Thumb Code   616  stm32f1xx_hal_uart.o(i.HAL_UART_IRQHandler)
    HAL_UART_Init                            0x08003399   Thumb Code   100  stm32f1xx_hal_uart.o(i.HAL_UART_Init)
    HAL_UART_MspInit                         0x080033fd   Thumb Code   316  usart.o(i.HAL_UART_MspInit)
    HAL_UART_Receive_IT                      0x08003559   Thumb Code    28  stm32f1xx_hal_uart.o(i.HAL_UART_Receive_IT)
    HAL_UART_RxCpltCallback                  0x08003575   Thumb Code    40  sensor.o(i.HAL_UART_RxCpltCallback)
    HAL_UART_RxHalfCpltCallback              0x080035b5   Thumb Code     2  stm32f1xx_hal_uart.o(i.HAL_UART_RxHalfCpltCallback)
    HAL_UART_Transmit                        0x080035b7   Thumb Code   160  stm32f1xx_hal_uart.o(i.HAL_UART_Transmit)
    HAL_UART_TxCpltCallback                  0x08003657   Thumb Code     2  stm32f1xx_hal_uart.o(i.HAL_UART_TxCpltCallback)
    HardFault_Handler                        0x08003659   Thumb Code     2  stm32f1xx_it.o(i.HardFault_Handler)
    LowPassFilter                            0x08003c21   Thumb Code    54  max30102_app.o(i.LowPassFilter)
    MAX30102_IIC_Ack                         0x08003c65   Thumb Code    40  myiic.o(i.MAX30102_IIC_Ack)
    MAX30102_IIC_Init                        0x08003c91   Thumb Code    58  myiic.o(i.MAX30102_IIC_Init)
    MAX30102_IIC_NAck                        0x08003cd9   Thumb Code    40  myiic.o(i.MAX30102_IIC_NAck)
    MAX30102_IIC_Read_Byte                   0x08003d05   Thumb Code    88  myiic.o(i.MAX30102_IIC_Read_Byte)
    MAX30102_IIC_SDA_IN                      0x08003d61   Thumb Code    30  myiic.o(i.MAX30102_IIC_SDA_IN)
    MAX30102_IIC_SDA_OUT                     0x08003d85   Thumb Code    26  myiic.o(i.MAX30102_IIC_SDA_OUT)
    MAX30102_IIC_Send_Byte                   0x08003da5   Thumb Code    72  myiic.o(i.MAX30102_IIC_Send_Byte)
    MAX30102_IIC_Start                       0x08003df1   Thumb Code    42  myiic.o(i.MAX30102_IIC_Start)
    MAX30102_IIC_Stop                        0x08003e21   Thumb Code    44  myiic.o(i.MAX30102_IIC_Stop)
    MAX30102_IIC_Wait_Ack                    0x08003e51   Thumb Code    64  myiic.o(i.MAX30102_IIC_Wait_Ack)
    MAX30102_Init                            0x08003e95   Thumb Code   140  max30102.o(i.MAX30102_Init)
    MAX30102_Read_Data                       0x08003f29   Thumb Code   146  max30102_app.o(i.MAX30102_Read_Data)
    MAX30102_Reset                           0x08003fc5   Thumb Code    22  max30102.o(i.MAX30102_Reset)
    MPU_Get_Accelerometer                    0x08003fdb   Thumb Code    50  mpu6050.o(i.MPU_Get_Accelerometer)
    MPU_Get_Gyroscope                        0x0800400d   Thumb Code    50  mpu6050.o(i.MPU_Get_Gyroscope)
    MPU_Init                                 0x0800403f   Thumb Code    46  mpu6050.o(i.MPU_Init)
    MPU_Read_Len                             0x0800406d   Thumb Code    54  mpu6050.o(i.MPU_Read_Len)
    MPU_Write_Byte                           0x080040a9   Thumb Code    36  mpu6050.o(i.MPU_Write_Byte)
    MX_ADC1_Init                             0x080040d1   Thumb Code    68  adc.o(i.MX_ADC1_Init)
    MX_DMA_Init                              0x0800411d   Thumb Code    56  dma.o(i.MX_DMA_Init)
    MX_GPIO_Init                             0x08004159   Thumb Code   158  gpio.o(i.MX_GPIO_Init)
    MX_I2C1_Init                             0x08004205   Thumb Code    50  i2c.o(i.MX_I2C1_Init)
    MX_TIM1_Init                             0x08004245   Thumb Code    96  tim.o(i.MX_TIM1_Init)
    MX_USART1_UART_Init                      0x080042ad   Thumb Code    54  usart.o(i.MX_USART1_UART_Init)
    MX_USART2_UART_Init                      0x080042f1   Thumb Code    48  usart.o(i.MX_USART2_UART_Init)
    MX_USART3_UART_Init                      0x08004329   Thumb Code    48  usart.o(i.MX_USART3_UART_Init)
    MemManage_Handler                        0x08004361   Thumb Code     2  stm32f1xx_it.o(i.MemManage_Handler)
    NMI_Handler                              0x08004363   Thumb Code     2  stm32f1xx_it.o(i.NMI_Handler)
    PendSV_Handler                           0x08004365   Thumb Code     2  stm32f1xx_it.o(i.PendSV_Handler)
    Process_And_Display_Data                 0x08004369   Thumb Code    32  max30102_app.o(i.Process_And_Display_Data)
    SVC_Handler                              0x0800438d   Thumb Code     2  stm32f1xx_it.o(i.SVC_Handler)
    SmoothData                               0x0800438f   Thumb Code    46  max30102_app.o(i.SmoothData)
    SysTick_Handler                          0x080043bd   Thumb Code     4  stm32f1xx_it.o(i.SysTick_Handler)
    SystemClock_Config                       0x080043c1   Thumb Code   120  main.o(i.SystemClock_Config)
    SystemInit                               0x08004439   Thumb Code     2  system_stm32f1xx.o(i.SystemInit)
    TIM_Base_SetConfig                       0x0800443d   Thumb Code   108  stm32f1xx_hal_tim.o(i.TIM_Base_SetConfig)
    TIM_ETR_SetConfig                        0x080044b5   Thumb Code    20  stm32f1xx_hal_tim.o(i.TIM_ETR_SetConfig)
    UART_Start_Receive_DMA                   0x08004801   Thumb Code   130  stm32f1xx_hal_uart.o(i.UART_Start_Receive_DMA)
    UART_Start_Receive_IT                    0x08004891   Thumb Code    54  stm32f1xx_hal_uart.o(i.UART_Start_Receive_IT)
    USART1_IRQHandler                        0x08004939   Thumb Code     6  stm32f1xx_it.o(i.USART1_IRQHandler)
    USART2_IRQHandler                        0x08004945   Thumb Code    34  stm32f1xx_it.o(i.USART2_IRQHandler)
    Update_Signal_Min_Max                    0x08004975   Thumb Code   146  max30102_app.o(i.Update_Signal_Min_Max)
    UsageFault_Handler                       0x08004a11   Thumb Code     2  stm32f1xx_it.o(i.UsageFault_Handler)
    __0printf                                0x08004a15   Thumb Code    22  printfa.o(i.__0printf)
    __1printf                                0x08004a15   Thumb Code     0  printfa.o(i.__0printf)
    __2printf                                0x08004a15   Thumb Code     0  printfa.o(i.__0printf)
    __c89printf                              0x08004a15   Thumb Code     0  printfa.o(i.__0printf)
    printf                                   0x08004a15   Thumb Code     0  printfa.o(i.__0printf)
    __0vsnprintf                             0x08004a35   Thumb Code    46  printfa.o(i.__0vsnprintf)
    __1vsnprintf                             0x08004a35   Thumb Code     0  printfa.o(i.__0vsnprintf)
    __2vsnprintf                             0x08004a35   Thumb Code     0  printfa.o(i.__0vsnprintf)
    __c89vsnprintf                           0x08004a35   Thumb Code     0  printfa.o(i.__0vsnprintf)
    vsnprintf                                0x08004a35   Thumb Code     0  printfa.o(i.__0vsnprintf)
    __ARM_fpclassify                         0x08004a69   Thumb Code    40  fpclassify.o(i.__ARM_fpclassify)
    __kernel_poly                            0x08004ab1   Thumb Code   170  poly.o(i.__kernel_poly)
    __mathlib_dbl_divzero                    0x08004b5d   Thumb Code    12  dunder.o(i.__mathlib_dbl_divzero)
    __mathlib_dbl_infnan                     0x08004b6d   Thumb Code     6  dunder.o(i.__mathlib_dbl_infnan)
    __mathlib_dbl_infnan2                    0x08004b73   Thumb Code     4  dunder.o(i.__mathlib_dbl_infnan2)
    __mathlib_dbl_invalid                    0x08004b77   Thumb Code    12  dunder.o(i.__mathlib_dbl_invalid)
    __mathlib_dbl_overflow                   0x08004b83   Thumb Code    14  dunder.o(i.__mathlib_dbl_overflow)
    __mathlib_dbl_underflow                  0x08004b91   Thumb Code    10  dunder.o(i.__mathlib_dbl_underflow)
    __read_errno                             0x08004ba1   Thumb Code     6  errno.o(i.__read_errno)
    __scatterload_copy                       0x08004bad   Thumb Code    14  handlers.o(i.__scatterload_copy)
    __scatterload_null                       0x08004bbb   Thumb Code     2  handlers.o(i.__scatterload_null)
    __scatterload_zeroinit                   0x08004bbd   Thumb Code    14  handlers.o(i.__scatterload_zeroinit)
    __set_errno                              0x08004bcd   Thumb Code     6  errno.o(i.__set_errno)
    _is_digit                                0x08004d5d   Thumb Code    14  scanf_fp.o(i._is_digit)
    asin                                     0x08005509   Thumb Code   572  asin.o(i.asin)
    asr_pro_task                             0x08005779   Thumb Code    88  sensor.o(i.asr_pro_task)
    atan                                     0x08005801   Thumb Code   474  atan.o(i.atan)
    atan2                                    0x08005a21   Thumb Code   374  atan2.o(i.atan2)
    atgm336h_process                         0x08005bbd   Thumb Code   122  atgm336h.o(i.atgm336h_process)
    atgm336h_task                            0x08005c59   Thumb Code    48  atgm336h.o(i.atgm336h_task)
    atof                                     0x08005c91   Thumb Code    42  atof.o(i.atof)
    dht11_task                               0x08005cbd   Thumb Code     8  dht11.o(i.dht11_task)
    dmp_enable_6x_lp_quat                    0x08005cc9   Thumb Code    58  inv_mpu_dmp_motion_driver.o(i.dmp_enable_6x_lp_quat)
    dmp_enable_feature                       0x08005d05   Thumb Code   464  inv_mpu_dmp_motion_driver.o(i.dmp_enable_feature)
    dmp_enable_gyro_cal                      0x08005edd   Thumb Code    34  inv_mpu_dmp_motion_driver.o(i.dmp_enable_gyro_cal)
    dmp_enable_lp_quat                       0x08005f19   Thumb Code    58  inv_mpu_dmp_motion_driver.o(i.dmp_enable_lp_quat)
    dmp_load_motion_driver_firmware          0x08005f55   Thumb Code    16  inv_mpu_dmp_motion_driver.o(i.dmp_load_motion_driver_firmware)
    dmp_read_fifo                            0x08005f69   Thumb Code   354  inv_mpu_dmp_motion_driver.o(i.dmp_read_fifo)
    dmp_set_accel_bias                       0x080060d1   Thumb Code   212  inv_mpu_dmp_motion_driver.o(i.dmp_set_accel_bias)
    dmp_set_fifo_rate                        0x080061a9   Thumb Code    82  inv_mpu_dmp_motion_driver.o(i.dmp_set_fifo_rate)
    dmp_set_gyro_bias                        0x0800620d   Thumb Code   196  inv_mpu_dmp_motion_driver.o(i.dmp_set_gyro_bias)
    dmp_set_orientation                      0x080062d9   Thumb Code   246  inv_mpu_dmp_motion_driver.o(i.dmp_set_orientation)
    dmp_set_shake_reject_thresh              0x080063e5   Thumb Code    48  inv_mpu_dmp_motion_driver.o(i.dmp_set_shake_reject_thresh)
    dmp_set_shake_reject_time                0x08006415   Thumb Code    32  inv_mpu_dmp_motion_driver.o(i.dmp_set_shake_reject_time)
    dmp_set_shake_reject_timeout             0x08006435   Thumb Code    32  inv_mpu_dmp_motion_driver.o(i.dmp_set_shake_reject_timeout)
    dmp_set_tap_axes                         0x08006455   Thumb Code    64  inv_mpu_dmp_motion_driver.o(i.dmp_set_tap_axes)
    dmp_set_tap_count                        0x08006495   Thumb Code    34  inv_mpu_dmp_motion_driver.o(i.dmp_set_tap_count)
    dmp_set_tap_thresh                       0x080064b9   Thumb Code   274  inv_mpu_dmp_motion_driver.o(i.dmp_set_tap_thresh)
    dmp_set_tap_time                         0x080065e1   Thumb Code    32  inv_mpu_dmp_motion_driver.o(i.dmp_set_tap_time)
    dmp_set_tap_time_multi                   0x08006601   Thumb Code    32  inv_mpu_dmp_motion_driver.o(i.dmp_set_tap_time_multi)
    esp_init                                 0x08006621   Thumb Code   106  esp01s.o(i.esp_init)
    esp_report                               0x080067dd   Thumb Code    82  esp01s.o(i.esp_report)
    fputc                                    0x08006865   Thumb Code    18  usart.o(i.fputc)
    inv_orientation_matrix_to_scalar         0x08006e15   Thumb Code    34  inv_mpu.o(i.inv_orientation_matrix_to_scalar)
    inv_row_2_scale                          0x08006e37   Thumb Code    72  inv_mpu.o(i.inv_row_2_scale)
    main                                     0x08006e81   Thumb Code    82  main.o(i.main)
    max30102_Bus_Read                        0x08006edd   Thumb Code    76  max30102.o(i.max30102_Bus_Read)
    max30102_Bus_Write                       0x08006f29   Thumb Code    62  max30102.o(i.max30102_Bus_Write)
    max30102_FIFO_ReadBytes                  0x08006f67   Thumb Code   122  max30102.o(i.max30102_FIFO_ReadBytes)
    max30102_task                            0x08006fe1   Thumb Code    84  max30102_app.o(i.max30102_task)
    maxim_find_peaks                         0x08007039   Thumb Code    50  algorithm.o(i.maxim_find_peaks)
    maxim_heart_rate_and_oxygen_saturation   0x0800706d   Thumb Code   944  algorithm.o(i.maxim_heart_rate_and_oxygen_saturation)
    maxim_peaks_above_min_height             0x08007431   Thumb Code   106  algorithm.o(i.maxim_peaks_above_min_height)
    maxim_remove_close_peaks                 0x0800749d   Thumb Code   108  algorithm.o(i.maxim_remove_close_peaks)
    maxim_sort_ascend                        0x08007509   Thumb Code    50  algorithm.o(i.maxim_sort_ascend)
    maxim_sort_indices_descend               0x0800753d   Thumb Code    58  algorithm.o(i.maxim_sort_indices_descend)
    mpu6050_task                             0x08007579   Thumb Code   308  mpu6050.o(i.mpu6050_task)
    mpu_configure_fifo                       0x080076b5   Thumb Code    78  inv_mpu.o(i.mpu_configure_fifo)
    mpu_dmp_get_data                         0x08007709   Thumb Code   408  inv_mpu.o(i.mpu_dmp_get_data)
    mpu_dmp_init                             0x080078a5   Thumb Code   156  inv_mpu.o(i.mpu_dmp_init)
    mpu_get_accel_fsr                        0x08007945   Thumb Code    54  inv_mpu.o(i.mpu_get_accel_fsr)
    mpu_get_accel_sens                       0x08007981   Thumb Code    62  inv_mpu.o(i.mpu_get_accel_sens)
    mpu_get_gyro_fsr                         0x080079c5   Thumb Code    48  inv_mpu.o(i.mpu_get_gyro_fsr)
    mpu_get_gyro_sens                        0x080079f9   Thumb Code    44  inv_mpu.o(i.mpu_get_gyro_sens)
    mpu_get_lpf                              0x08007a39   Thumb Code    52  inv_mpu.o(i.mpu_get_lpf)
    mpu_get_sample_rate                      0x08007a71   Thumb Code    22  inv_mpu.o(i.mpu_get_sample_rate)
    mpu_init                                 0x08007a8d   Thumb Code   334  inv_mpu.o(i.mpu_init)
    mpu_load_firmware                        0x08007be5   Thumb Code   166  inv_mpu.o(i.mpu_load_firmware)
    mpu_lp_accel_mode                        0x08007c95   Thumb Code   204  inv_mpu.o(i.mpu_lp_accel_mode)
    mpu_read_fifo_stream                     0x08007d69   Thumb Code   182  inv_mpu.o(i.mpu_read_fifo_stream)
    mpu_read_mem                             0x08007e29   Thumb Code   106  inv_mpu.o(i.mpu_read_mem)
    mpu_reset_fifo                           0x08007e9d   Thumb Code   438  inv_mpu.o(i.mpu_reset_fifo)
    mpu_run_self_test                        0x0800805d   Thumb Code   234  inv_mpu.o(i.mpu_run_self_test)
    mpu_set_accel_fsr                        0x0800814d   Thumb Code   112  inv_mpu.o(i.mpu_set_accel_fsr)
    mpu_set_bypass                           0x080081c5   Thumb Code   302  inv_mpu.o(i.mpu_set_bypass)
    mpu_set_dmp_state                        0x080082fd   Thumb Code   140  inv_mpu.o(i.mpu_set_dmp_state)
    mpu_set_gyro_fsr                         0x08008391   Thumb Code   118  inv_mpu.o(i.mpu_set_gyro_fsr)
    mpu_set_int_latched                      0x08008411   Thumb Code   108  inv_mpu.o(i.mpu_set_int_latched)
    mpu_set_lpf                              0x08008485   Thumb Code   120  inv_mpu.o(i.mpu_set_lpf)
    mpu_set_sample_rate                      0x08008505   Thumb Code   142  inv_mpu.o(i.mpu_set_sample_rate)
    mpu_set_sensors                          0x0800859d   Thumb Code   212  inv_mpu.o(i.mpu_set_sensors)
    mpu_write_mem                            0x08008679   Thumb Code   106  inv_mpu.o(i.mpu_write_mem)
    mq2_task                                 0x080086ed   Thumb Code   182  mq2.o(i.mq2_task)
    my_printf                                0x080087ed   Thumb Code    50  usart.o(i.my_printf)
    pow                                      0x08008821   Thumb Code  2512  pow.o(i.pow)
    ringbuffer_is_empty                      0x080091f9   Thumb Code    14  ringbuffer.o(i.ringbuffer_is_empty)
    ringbuffer_is_full                       0x08009207   Thumb Code    18  ringbuffer.o(i.ringbuffer_is_full)
    ringbuffer_read                          0x08009219   Thumb Code    64  ringbuffer.o(i.ringbuffer_read)
    ringbuffer_write                         0x08009259   Thumb Code    66  ringbuffer.o(i.ringbuffer_write)
    run_self_test                            0x0800929b   Thumb Code   128  inv_mpu.o(i.run_self_test)
    scheduler_init                           0x0800931d   Thumb Code     8  scheduler.o(i.scheduler_init)
    scheduler_run                            0x08009329   Thumb Code    56  scheduler.o(i.scheduler_run)
    sensor_task                              0x08009365   Thumb Code    92  sensor.o(i.sensor_task)
    sqrt                                     0x08009485   Thumb Code    76  sqrt.o(i.sqrt)
    AHBPrescTable                            0x080094e2   Data          16  system_stm32f1xx.o(.constdata)
    APBPrescTable                            0x080094f2   Data           8  system_stm32f1xx.o(.constdata)
    reg                                      0x080094fa   Data          30  inv_mpu.o(.constdata)
    hw                                       0x08009518   Data          12  inv_mpu.o(.constdata)
    test                                     0x08009524   Data          40  inv_mpu.o(.constdata)
    auw_hamm                                 0x0800a142   Data          62  algorithm.o(.constdata)
    uch_spo2_table                           0x0800a180   Data         184  algorithm.o(.constdata)
    __mathlib_zero                           0x0800a3a8   Data           8  qnan.o(.constdata)
    __ctype_categories                       0x0800a3b0   Data          64  ctype_c.o(.constdata)
    Region$$Table$$Base                      0x0800a5e0   Number         0  anon$$obj.o(Region$$Table)
    Region$$Table$$Limit                     0x0800a600   Number         0  anon$$obj.o(Region$$Table)
    uart_rx_index                            0x20000000   Data           2  usart.o(.data)
    uart_rx_ticks                            0x20000004   Data           4  usart.o(.data)
    uwTickFreq                               0x20000008   Data           1  stm32f1xx_hal.o(.data)
    uwTickPrio                               0x2000000c   Data           4  stm32f1xx_hal.o(.data)
    uwTick                                   0x20000010   Data           4  stm32f1xx_hal.o(.data)
    SystemCoreClock                          0x20000014   Data           4  system_stm32f1xx.o(.data)
    task_num                                 0x20000018   Data           1  scheduler.o(.data)
    density_flag                             0x2000007c   Data           1  mq2.o(.data)
    adc_value                                0x20000080   Data           4  mq2.o(.data)
    voltage                                  0x20000084   Data           4  mq2.o(.data)
    RS                                       0x20000088   Data           4  mq2.o(.data)
    RL                                       0x2000008c   Data           4  mq2.o(.data)
    R0                                       0x20000090   Data           4  mq2.o(.data)
    ppm                                      0x20000094   Data           4  mq2.o(.data)
    humi                                     0x20000098   Data           1  dht11.o(.data)
    temp                                     0x20000099   Data           1  dht11.o(.data)
    fall_flag                                0x200000d4   Data           1  mpu6050.o(.data)
    collision_flag                           0x200000d5   Data           1  mpu6050.o(.data)
    aacx                                     0x200000d6   Data           2  mpu6050.o(.data)
    aacy                                     0x200000d8   Data           2  mpu6050.o(.data)
    aacz                                     0x200000da   Data           2  mpu6050.o(.data)
    gyrox                                    0x200000dc   Data           2  mpu6050.o(.data)
    gyroy                                    0x200000de   Data           2  mpu6050.o(.data)
    gyroz                                    0x200000e0   Data           2  mpu6050.o(.data)
    AVM                                      0x200000e2   Data           2  mpu6050.o(.data)
    GVM                                      0x200000e4   Data           2  mpu6050.o(.data)
    pitch                                    0x200000e8   Data           4  mpu6050.o(.data)
    roll                                     0x200000ec   Data           4  mpu6050.o(.data)
    yaw                                      0x200000f0   Data           4  mpu6050.o(.data)
    measure_flag                             0x200000f4   Data           1  max30102_app.o(.data)
    heartrate_flag                           0x200000f5   Data           1  max30102_app.o(.data)
    spo2_flag                                0x200000f6   Data           1  max30102_app.o(.data)
    dis_hr                                   0x200000f7   Data           1  max30102_app.o(.data)
    dis_spo2                                 0x200000f8   Data           1  max30102_app.o(.data)
    hr_index                                 0x200000fc   Data           4  max30102_app.o(.data)
    spo2_index                               0x20000100   Data           4  max30102_app.o(.data)
    max30102_data                            0x20000104   Data        4036  max30102_app.o(.data)
    longitude                                0x200010c8   Data          64  atgm336h.o(.data)
    latitude                                 0x20001108   Data          64  atgm336h.o(.data)
    alarm_cancel_flag                        0x20001148   Data           1  sensor.o(.data)
    alarm_cancel_count                       0x20001149   Data           1  sensor.o(.data)
    __stdout                                 0x20001150   Data           4  stdout.o(.data)
    hadc1                                    0x20001158   Data          48  adc.o(.bss)
    hdma_adc1                                0x20001188   Data          68  adc.o(.bss)
    hi2c1                                    0x200011cc   Data          84  i2c.o(.bss)
    htim1                                    0x20001220   Data          72  tim.o(.bss)
    uart_rx_buffer                           0x20001268   Data        1000  usart.o(.bss)
    huart1                                   0x20001650   Data          72  usart.o(.bss)
    huart2                                   0x20001698   Data          72  usart.o(.bss)
    huart3                                   0x200016e0   Data          72  usart.o(.bss)
    hdma_usart2_rx                           0x20001728   Data          68  usart.o(.bss)
    uart_rx_dma_buffer                       0x2000176c   Data        1000  usart.o(.bss)
    dma_buffer                               0x20001b54   Data         120  mq2.o(.bss)
    hr_buffer                                0x2000333c   Data          80  max30102_app.o(.bss)
    spo2_buffer                              0x2000338c   Data          80  max30102_app.o(.bss)
    usart_rb                                 0x200033dc   Data        1012  atgm336h.o(.bss)
    usart_read_buffer                        0x200037d0   Data        1000  atgm336h.o(.bss)
    __initial_sp                             0x20003fb8   Data           0  startup_stm32f103xb.o(STACK)



==============================================================================

Memory Map of the image

  Image Entry point : 0x080000ed

  Load Region LR_IROM1 (Base: 0x08000000, Size: 0x0000b758, Max: 0x00010000, ABSOLUTE, COMPRESSED[0x0000a680])

    Execution Region ER_IROM1 (Exec base: 0x08000000, Load base: 0x08000000, Size: 0x0000a600, Max: 0x00010000, ABSOLUTE)

    Exec Addr    Load Addr    Size         Type   Attr      Idx    E Section Name        Object

    0x08000000   0x08000000   0x000000ec   Data   RO            3    RESET               startup_stm32f103xb.o
    0x080000ec   0x080000ec   0x00000000   Code   RO         5020  * .ARM.Collect$$$$00000000  mc_w.l(entry.o)
    0x080000ec   0x080000ec   0x00000004   Code   RO         5393    .ARM.Collect$$$$00000001  mc_w.l(entry2.o)
    0x080000f0   0x080000f0   0x00000004   Code   RO         5396    .ARM.Collect$$$$00000004  mc_w.l(entry5.o)
    0x080000f4   0x080000f4   0x00000000   Code   RO         5398    .ARM.Collect$$$$00000008  mc_w.l(entry7b.o)
    0x080000f4   0x080000f4   0x00000000   Code   RO         5400    .ARM.Collect$$$$0000000A  mc_w.l(entry8b.o)
    0x080000f4   0x080000f4   0x00000008   Code   RO         5401    .ARM.Collect$$$$0000000B  mc_w.l(entry9a.o)
    0x080000fc   0x080000fc   0x00000004   Code   RO         5408    .ARM.Collect$$$$0000000E  mc_w.l(entry12b.o)
    0x08000100   0x08000100   0x00000000   Code   RO         5403    .ARM.Collect$$$$0000000F  mc_w.l(entry10a.o)
    0x08000100   0x08000100   0x00000000   Code   RO         5405    .ARM.Collect$$$$00000011  mc_w.l(entry11a.o)
    0x08000100   0x08000100   0x00000004   Code   RO         5394    .ARM.Collect$$$$00002712  mc_w.l(entry2.o)
    0x08000104   0x08000104   0x00000024   Code   RO            4    .text               startup_stm32f103xb.o
    0x08000128   0x08000128   0x00000062   Code   RO         5023    .text               mc_w.l(ldiv.o)
    0x0800018a   0x0800018a   0x00000020   Code   RO         5025    .text               mc_w.l(llushr.o)
    0x080001aa   0x080001aa   0x00000024   Code   RO         5027    .text               mc_w.l(memseta.o)
    0x080001ce   0x080001ce   0x00000024   Code   RO         5029    .text               mc_w.l(strstr.o)
    0x080001f2   0x080001f2   0x00000018   Code   RO         5031    .text               mc_w.l(strncpy.o)
    0x0800020a   0x0800020a   0x0000001c   Code   RO         5033    .text               mc_w.l(strcmp.o)
    0x08000226   0x08000226   0x0000001a   Code   RO         5035    .text               mc_w.l(memcmp.o)
    0x08000240   0x08000240   0x00000044   Code   RO         5037    .text               mc_w.l(strtok.o)
    0x08000284   0x08000284   0x000000b0   Code   RO         5332    .text               mf_w.l(fadd.o)
    0x08000334   0x08000334   0x00000064   Code   RO         5334    .text               mf_w.l(fmul.o)
    0x08000398   0x08000398   0x0000007c   Code   RO         5336    .text               mf_w.l(fdiv.o)
    0x08000414   0x08000414   0x00000018   Code   RO         5338    .text               mf_w.l(fscalb.o)
    0x0800042c   0x0800042c   0x0000014e   Code   RO         5340    .text               mf_w.l(dadd.o)
    0x0800057a   0x0800057a   0x000000e4   Code   RO         5342    .text               mf_w.l(dmul.o)
    0x0800065e   0x0800065e   0x000000de   Code   RO         5344    .text               mf_w.l(ddiv.o)
    0x0800073c   0x0800073c   0x00000012   Code   RO         5346    .text               mf_w.l(fflti.o)
    0x0800074e   0x0800074e   0x0000000a   Code   RO         5348    .text               mf_w.l(ffltui.o)
    0x08000758   0x08000758   0x00000022   Code   RO         5350    .text               mf_w.l(dflti.o)
    0x0800077a   0x0800077a   0x00000032   Code   RO         5352    .text               mf_w.l(ffixi.o)
    0x080007ac   0x080007ac   0x00000028   Code   RO         5354    .text               mf_w.l(ffixui.o)
    0x080007d4   0x080007d4   0x0000003e   Code   RO         5356    .text               mf_w.l(dfixi.o)
    0x08000812   0x08000812   0x00000032   Code   RO         5358    .text               mf_w.l(dfixui.o)
    0x08000844   0x08000844   0x00000026   Code   RO         5360    .text               mf_w.l(f2d.o)
    0x0800086a   0x0800086a   0x00000038   Code   RO         5362    .text               mf_w.l(d2f.o)
    0x080008a2   0x080008a2   0x0000002c   Code   RO         5410    .text               mc_w.l(uidiv.o)
    0x080008ce   0x080008ce   0x00000062   Code   RO         5412    .text               mc_w.l(uldiv.o)
    0x08000930   0x08000930   0x0000001e   Code   RO         5414    .text               mc_w.l(llshl.o)
    0x0800094e   0x0800094e   0x00000024   Code   RO         5416    .text               mc_w.l(llsshr.o)
    0x08000972   0x08000972   0x00000002   PAD
    0x08000974   0x08000974   0x0000009c   Code   RO         5431    .text               mc_w.l(strtod.o)
    0x08000a10   0x08000a10   0x00000000   Code   RO         5433    .text               mc_w.l(iusefp.o)
    0x08000a10   0x08000a10   0x0000006e   Code   RO         5434    .text               mf_w.l(fepilogue.o)
    0x08000a7e   0x08000a7e   0x000000ba   Code   RO         5436    .text               mf_w.l(depilogue.o)
    0x08000b38   0x08000b38   0x0000002e   Code   RO         5438    .text               mf_w.l(dscalb.o)
    0x08000b66   0x08000b66   0x000000a2   Code   RO         5440    .text               mf_w.l(dsqrt.o)
    0x08000c08   0x08000c08   0x00000030   Code   RO         5442    .text               mf_w.l(dfixul.o)
    0x08000c38   0x08000c38   0x00000030   Code   RO         5444    .text               mf_w.l(cdcmple.o)
    0x08000c68   0x08000c68   0x00000030   Code   RO         5446    .text               mf_w.l(cdrcmple.o)
    0x08000c98   0x08000c98   0x00000024   Code   RO         5448    .text               mc_w.l(init.o)
    0x08000cbc   0x08000cbc   0x0000000a   Code   RO         5450    .text               mc_w.l(isspace_c.o)
    0x08000cc6   0x08000cc6   0x00000002   PAD
    0x08000cc8   0x08000cc8   0x00000360   Code   RO         5452    .text               mc_w.l(scanf_fp.o)
    0x08001028   0x08001028   0x00000040   Code   RO         5456    .text               mc_w.l(_sgetc.o)
    0x08001068   0x08001068   0x00000028   Code   RO         5458    .text               mc_w.l(ctype_c.o)
    0x08001090   0x08001090   0x00000018   Code   RO         5461    .text               mf_w.l(dfltul.o)
    0x080010a8   0x080010a8   0x00000056   Code   RO         5471    .text               mc_w.l(__dczerorl2.o)
    0x080010fe   0x080010fe   0x00000002   PAD
    0x08001100   0x08001100   0x0000000c   Code   RO          499    i.ADC1_2_IRQHandler  stm32f1xx_it.o
    0x0800110c   0x0800110c   0x00000056   Code   RO          665    i.ADC_ConversionStop_Disable  stm32f1xx_hal_adc.o
    0x08001162   0x08001162   0x0000004e   Code   RO          666    i.ADC_DMAConvCplt   stm32f1xx_hal_adc.o
    0x080011b0   0x080011b0   0x0000001a   Code   RO          667    i.ADC_DMAError      stm32f1xx_hal_adc.o
    0x080011ca   0x080011ca   0x0000000a   Code   RO          668    i.ADC_DMAHalfConvCplt  stm32f1xx_hal_adc.o
    0x080011d4   0x080011d4   0x0000007c   Code   RO          669    i.ADC_Enable        stm32f1xx_hal_adc.o
    0x08001250   0x08001250   0x00000002   Code   RO          500    i.BusFault_Handler  stm32f1xx_it.o
    0x08001252   0x08001252   0x00000002   PAD
    0x08001254   0x08001254   0x00000028   Code   RO         4744    i.Calculate_Heart_Rate_and_SpO2  max30102_app.o
    0x0800127c   0x0800127c   0x00000064   Code   RO         3851    i.DHT11_Check       dht11.o
    0x080012e0   0x080012e0   0x00000050   Code   RO         3852    i.DHT11_Init        dht11.o
    0x08001330   0x08001330   0x0000004c   Code   RO         3853    i.DHT11_Read_Bit    dht11.o
    0x0800137c   0x0800137c   0x0000001a   Code   RO         3854    i.DHT11_Read_Byte   dht11.o
    0x08001396   0x08001396   0x00000002   PAD
    0x08001398   0x08001398   0x00000052   Code   RO         3855    i.DHT11_Read_Data   dht11.o
    0x080013ea   0x080013ea   0x00000002   PAD
    0x080013ec   0x080013ec   0x0000003c   Code   RO         3856    i.DHT11_Rst         dht11.o
    0x08001428   0x08001428   0x0000000c   Code   RO          501    i.DMA1_Channel1_IRQHandler  stm32f1xx_it.o
    0x08001434   0x08001434   0x0000000c   Code   RO          502    i.DMA1_Channel6_IRQHandler  stm32f1xx_it.o
    0x08001440   0x08001440   0x0000002a   Code   RO         1321    i.DMA_SetConfig     stm32f1xx_hal_dma.o
    0x0800146a   0x0800146a   0x00000002   Code   RO          503    i.DebugMon_Handler  stm32f1xx_it.o
    0x0800146c   0x0800146c   0x00000030   Code   RO         3857    i.Delay_us          dht11.o
    0x0800149c   0x0800149c   0x00000004   Code   RO           13    i.Error_Handler     main.o
    0x080014a0   0x080014a0   0x00000002   Code   RO          847    i.HAL_ADCEx_InjectedConvCpltCallback  stm32f1xx_hal_adc_ex.o
    0x080014a2   0x080014a2   0x00000002   PAD
    0x080014a4   0x080014a4   0x000000fc   Code   RO          671    i.HAL_ADC_ConfigChannel  stm32f1xx_hal_adc.o
    0x080015a0   0x080015a0   0x00000002   Code   RO          672    i.HAL_ADC_ConvCpltCallback  stm32f1xx_hal_adc.o
    0x080015a2   0x080015a2   0x00000002   Code   RO          673    i.HAL_ADC_ConvHalfCpltCallback  stm32f1xx_hal_adc.o
    0x080015a4   0x080015a4   0x00000002   Code   RO          675    i.HAL_ADC_ErrorCallback  stm32f1xx_hal_adc.o
    0x080015a6   0x080015a6   0x000000dc   Code   RO          679    i.HAL_ADC_IRQHandler  stm32f1xx_hal_adc.o
    0x08001682   0x08001682   0x00000002   PAD
    0x08001684   0x08001684   0x0000011c   Code   RO          680    i.HAL_ADC_Init      stm32f1xx_hal_adc.o
    0x080017a0   0x080017a0   0x00000002   Code   RO          681    i.HAL_ADC_LevelOutOfWindowCallback  stm32f1xx_hal_adc.o
    0x080017a2   0x080017a2   0x00000002   PAD
    0x080017a4   0x080017a4   0x000000a0   Code   RO          270    i.HAL_ADC_MspInit   adc.o
    0x08001844   0x08001844   0x0000010c   Code   RO          687    i.HAL_ADC_Start_DMA  stm32f1xx_hal_adc.o
    0x08001950   0x08001950   0x00000046   Code   RO         1322    i.HAL_DMA_Abort     stm32f1xx_hal_dma.o
    0x08001996   0x08001996   0x00000002   PAD
    0x08001998   0x08001998   0x00000098   Code   RO         1323    i.HAL_DMA_Abort_IT  stm32f1xx_hal_dma.o
    0x08001a30   0x08001a30   0x00000154   Code   RO         1327    i.HAL_DMA_IRQHandler  stm32f1xx_hal_dma.o
    0x08001b84   0x08001b84   0x0000005c   Code   RO         1328    i.HAL_DMA_Init      stm32f1xx_hal_dma.o
    0x08001be0   0x08001be0   0x00000070   Code   RO         1332    i.HAL_DMA_Start_IT  stm32f1xx_hal_dma.o
    0x08001c50   0x08001c50   0x00000024   Code   RO          948    i.HAL_Delay         stm32f1xx_hal.o
    0x08001c74   0x08001c74   0x000001e0   Code   RO         1258    i.HAL_GPIO_Init     stm32f1xx_hal_gpio.o
    0x08001e54   0x08001e54   0x0000000a   Code   RO         1262    i.HAL_GPIO_WritePin  stm32f1xx_hal_gpio.o
    0x08001e5e   0x08001e5e   0x00000002   PAD
    0x08001e60   0x08001e60   0x0000000c   Code   RO          952    i.HAL_GetTick       stm32f1xx_hal.o
    0x08001e6c   0x08001e6c   0x00000188   Code   RO         1929    i.HAL_I2C_Init      stm32f1xx_hal_i2c.o
    0x08001ff4   0x08001ff4   0x00000250   Code   RO         1935    i.HAL_I2C_Master_Receive  stm32f1xx_hal_i2c.o
    0x08002244   0x08002244   0x0000012c   Code   RO         1942    i.HAL_I2C_Master_Transmit  stm32f1xx_hal_i2c.o
    0x08002370   0x08002370   0x0000025c   Code   RO         1947    i.HAL_I2C_Mem_Read  stm32f1xx_hal_i2c.o
    0x080025cc   0x080025cc   0x00000130   Code   RO         1950    i.HAL_I2C_Mem_Write  stm32f1xx_hal_i2c.o
    0x080026fc   0x080026fc   0x0000005c   Code   RO          336    i.HAL_I2C_MspInit   i2c.o
    0x08002758   0x08002758   0x00000010   Code   RO          958    i.HAL_IncTick       stm32f1xx_hal.o
    0x08002768   0x08002768   0x00000024   Code   RO          959    i.HAL_Init          stm32f1xx_hal.o
    0x0800278c   0x0800278c   0x00000040   Code   RO          960    i.HAL_InitTick      stm32f1xx_hal.o
    0x080027cc   0x080027cc   0x0000003c   Code   RO          605    i.HAL_MspInit       stm32f1xx_hal_msp.o
    0x08002808   0x08002808   0x0000001a   Code   RO         1418    i.HAL_NVIC_EnableIRQ  stm32f1xx_hal_cortex.o
    0x08002822   0x08002822   0x00000002   PAD
    0x08002824   0x08002824   0x00000040   Code   RO         1424    i.HAL_NVIC_SetPriority  stm32f1xx_hal_cortex.o
    0x08002864   0x08002864   0x00000024   Code   RO         1425    i.HAL_NVIC_SetPriorityGrouping  stm32f1xx_hal_cortex.o
    0x08002888   0x08002888   0x000000ec   Code   RO         1220    i.HAL_RCCEx_PeriphCLKConfig  stm32f1xx_hal_rcc_ex.o
    0x08002974   0x08002974   0x0000012c   Code   RO         1116    i.HAL_RCC_ClockConfig  stm32f1xx_hal_rcc.o
    0x08002aa0   0x08002aa0   0x00000020   Code   RO         1123    i.HAL_RCC_GetPCLK1Freq  stm32f1xx_hal_rcc.o
    0x08002ac0   0x08002ac0   0x00000020   Code   RO         1124    i.HAL_RCC_GetPCLK2Freq  stm32f1xx_hal_rcc.o
    0x08002ae0   0x08002ae0   0x0000004c   Code   RO         1125    i.HAL_RCC_GetSysClockFreq  stm32f1xx_hal_rcc.o
    0x08002b2c   0x08002b2c   0x00000320   Code   RO         1128    i.HAL_RCC_OscConfig  stm32f1xx_hal_rcc.o
    0x08002e4c   0x08002e4c   0x00000028   Code   RO         1429    i.HAL_SYSTICK_Config  stm32f1xx_hal_cortex.o
    0x08002e74   0x08002e74   0x00000068   Code   RO         3080    i.HAL_TIMEx_MasterConfigSynchronization  stm32f1xx_hal_tim_ex.o
    0x08002edc   0x08002edc   0x0000005a   Code   RO         2357    i.HAL_TIM_Base_Init  stm32f1xx_hal_tim.o
    0x08002f36   0x08002f36   0x00000002   PAD
    0x08002f38   0x08002f38   0x00000028   Code   RO          378    i.HAL_TIM_Base_MspInit  tim.o
    0x08002f60   0x08002f60   0x00000050   Code   RO         2360    i.HAL_TIM_Base_Start  stm32f1xx_hal_tim.o
    0x08002fb0   0x08002fb0   0x00000026   Code   RO         2363    i.HAL_TIM_Base_Stop  stm32f1xx_hal_tim.o
    0x08002fd6   0x08002fd6   0x000000dc   Code   RO         2366    i.HAL_TIM_ConfigClockSource  stm32f1xx_hal_tim.o
    0x080030b2   0x080030b2   0x0000004a   Code   RO         3338    i.HAL_UARTEx_ReceiveToIdle_DMA  stm32f1xx_hal_uart.o
    0x080030fc   0x080030fc   0x0000002c   Code   RO         4817    i.HAL_UARTEx_RxEventCallback  atgm336h.o
    0x08003128   0x08003128   0x00000002   Code   RO         3354    i.HAL_UART_ErrorCallback  stm32f1xx_hal_uart.o
    0x0800312a   0x0800312a   0x00000002   PAD
    0x0800312c   0x0800312c   0x0000026c   Code   RO         3357    i.HAL_UART_IRQHandler  stm32f1xx_hal_uart.o
    0x08003398   0x08003398   0x00000064   Code   RO         3358    i.HAL_UART_Init     stm32f1xx_hal_uart.o
    0x080033fc   0x080033fc   0x0000015c   Code   RO          420    i.HAL_UART_MspInit  usart.o
    0x08003558   0x08003558   0x0000001c   Code   RO         3363    i.HAL_UART_Receive_IT  stm32f1xx_hal_uart.o
    0x08003574   0x08003574   0x00000040   Code   RO         4913    i.HAL_UART_RxCpltCallback  sensor.o
    0x080035b4   0x080035b4   0x00000002   Code   RO         3365    i.HAL_UART_RxHalfCpltCallback  stm32f1xx_hal_uart.o
    0x080035b6   0x080035b6   0x000000a0   Code   RO         3366    i.HAL_UART_Transmit  stm32f1xx_hal_uart.o
    0x08003656   0x08003656   0x00000002   Code   RO         3369    i.HAL_UART_TxCpltCallback  stm32f1xx_hal_uart.o
    0x08003658   0x08003658   0x00000002   Code   RO          504    i.HardFault_Handler  stm32f1xx_it.o
    0x0800365a   0x0800365a   0x0000002e   Code   RO         1972    i.I2C_IsAcknowledgeFailed  stm32f1xx_hal_i2c.o
    0x08003688   0x08003688   0x000000ec   Code   RO         1975    i.I2C_MasterRequestRead  stm32f1xx_hal_i2c.o
    0x08003774   0x08003774   0x0000009c   Code   RO         1976    i.I2C_MasterRequestWrite  stm32f1xx_hal_i2c.o
    0x08003810   0x08003810   0x000000fc   Code   RO         1982    i.I2C_RequestMemoryRead  stm32f1xx_hal_i2c.o
    0x0800390c   0x0800390c   0x000000a8   Code   RO         1983    i.I2C_RequestMemoryWrite  stm32f1xx_hal_i2c.o
    0x080039b4   0x080039b4   0x00000056   Code   RO         1987    i.I2C_WaitOnBTFFlagUntilTimeout  stm32f1xx_hal_i2c.o
    0x08003a0a   0x08003a0a   0x00000002   PAD
    0x08003a0c   0x08003a0c   0x00000090   Code   RO         1988    i.I2C_WaitOnFlagUntilTimeout  stm32f1xx_hal_i2c.o
    0x08003a9c   0x08003a9c   0x000000bc   Code   RO         1989    i.I2C_WaitOnMasterAddressFlagUntilTimeout  stm32f1xx_hal_i2c.o
    0x08003b58   0x08003b58   0x00000070   Code   RO         1990    i.I2C_WaitOnRXNEFlagUntilTimeout  stm32f1xx_hal_i2c.o
    0x08003bc8   0x08003bc8   0x00000056   Code   RO         1991    i.I2C_WaitOnTXEFlagUntilTimeout  stm32f1xx_hal_i2c.o
    0x08003c1e   0x08003c1e   0x00000002   PAD
    0x08003c20   0x08003c20   0x00000044   Code   RO         4745    i.LowPassFilter     max30102_app.o
    0x08003c64   0x08003c64   0x0000002c   Code   RO         4514    i.MAX30102_IIC_Ack  myiic.o
    0x08003c90   0x08003c90   0x00000048   Code   RO         4515    i.MAX30102_IIC_Init  myiic.o
    0x08003cd8   0x08003cd8   0x0000002c   Code   RO         4516    i.MAX30102_IIC_NAck  myiic.o
    0x08003d04   0x08003d04   0x0000005c   Code   RO         4518    i.MAX30102_IIC_Read_Byte  myiic.o
    0x08003d60   0x08003d60   0x00000024   Code   RO         4520    i.MAX30102_IIC_SDA_IN  myiic.o
    0x08003d84   0x08003d84   0x00000020   Code   RO         4521    i.MAX30102_IIC_SDA_OUT  myiic.o
    0x08003da4   0x08003da4   0x0000004c   Code   RO         4522    i.MAX30102_IIC_Send_Byte  myiic.o
    0x08003df0   0x08003df0   0x00000030   Code   RO         4523    i.MAX30102_IIC_Start  myiic.o
    0x08003e20   0x08003e20   0x00000030   Code   RO         4524    i.MAX30102_IIC_Stop  myiic.o
    0x08003e50   0x08003e50   0x00000044   Code   RO         4525    i.MAX30102_IIC_Wait_Ack  myiic.o
    0x08003e94   0x08003e94   0x00000094   Code   RO         4615    i.MAX30102_Init     max30102.o
    0x08003f28   0x08003f28   0x0000009c   Code   RO         4746    i.MAX30102_Read_Data  max30102_app.o
    0x08003fc4   0x08003fc4   0x00000016   Code   RO         4616    i.MAX30102_Reset    max30102.o
    0x08003fda   0x08003fda   0x00000032   Code   RO         4427    i.MPU_Get_Accelerometer  mpu6050.o
    0x0800400c   0x0800400c   0x00000032   Code   RO         4428    i.MPU_Get_Gyroscope  mpu6050.o
    0x0800403e   0x0800403e   0x0000002e   Code   RO         4430    i.MPU_Init          mpu6050.o
    0x0800406c   0x0800406c   0x0000003c   Code   RO         4432    i.MPU_Read_Len      mpu6050.o
    0x080040a8   0x080040a8   0x00000028   Code   RO         4433    i.MPU_Write_Byte    mpu6050.o
    0x080040d0   0x080040d0   0x0000004c   Code   RO          271    i.MX_ADC1_Init      adc.o
    0x0800411c   0x0800411c   0x0000003c   Code   RO          311    i.MX_DMA_Init       dma.o
    0x08004158   0x08004158   0x000000ac   Code   RO          245    i.MX_GPIO_Init      gpio.o
    0x08004204   0x08004204   0x00000040   Code   RO          337    i.MX_I2C1_Init      i2c.o
    0x08004244   0x08004244   0x00000068   Code   RO          379    i.MX_TIM1_Init      tim.o
    0x080042ac   0x080042ac   0x00000044   Code   RO          421    i.MX_USART1_UART_Init  usart.o
    0x080042f0   0x080042f0   0x00000038   Code   RO          422    i.MX_USART2_UART_Init  usart.o
    0x08004328   0x08004328   0x00000038   Code   RO          423    i.MX_USART3_UART_Init  usart.o
    0x08004360   0x08004360   0x00000002   Code   RO          505    i.MemManage_Handler  stm32f1xx_it.o
    0x08004362   0x08004362   0x00000002   Code   RO          506    i.NMI_Handler       stm32f1xx_it.o
    0x08004364   0x08004364   0x00000002   Code   RO          507    i.PendSV_Handler    stm32f1xx_it.o
    0x08004366   0x08004366   0x00000002   PAD
    0x08004368   0x08004368   0x00000024   Code   RO         4747    i.Process_And_Display_Data  max30102_app.o
    0x0800438c   0x0800438c   0x00000002   Code   RO          508    i.SVC_Handler       stm32f1xx_it.o
    0x0800438e   0x0800438e   0x0000002e   Code   RO         4748    i.SmoothData        max30102_app.o
    0x080043bc   0x080043bc   0x00000004   Code   RO          509    i.SysTick_Handler   stm32f1xx_it.o
    0x080043c0   0x080043c0   0x00000078   Code   RO           14    i.SystemClock_Config  main.o
    0x08004438   0x08004438   0x00000002   Code   RO         3692    i.SystemInit        system_stm32f1xx.o
    0x0800443a   0x0800443a   0x00000002   PAD
    0x0800443c   0x0800443c   0x00000078   Code   RO         2450    i.TIM_Base_SetConfig  stm32f1xx_hal_tim.o
    0x080044b4   0x080044b4   0x00000014   Code   RO         2461    i.TIM_ETR_SetConfig  stm32f1xx_hal_tim.o
    0x080044c8   0x080044c8   0x00000010   Code   RO         2462    i.TIM_ITRx_SetConfig  stm32f1xx_hal_tim.o
    0x080044d8   0x080044d8   0x00000022   Code   RO         2468    i.TIM_TI1_ConfigInputStage  stm32f1xx_hal_tim.o
    0x080044fa   0x080044fa   0x00000024   Code   RO         2470    i.TIM_TI2_ConfigInputStage  stm32f1xx_hal_tim.o
    0x0800451e   0x0800451e   0x00000010   Code   RO         3371    i.UART_DMAAbortOnError  stm32f1xx_hal_uart.o
    0x0800452e   0x0800452e   0x0000004a   Code   RO         3372    i.UART_DMAError     stm32f1xx_hal_uart.o
    0x08004578   0x08004578   0x00000086   Code   RO         3373    i.UART_DMAReceiveCplt  stm32f1xx_hal_uart.o
    0x080045fe   0x080045fe   0x0000001e   Code   RO         3375    i.UART_DMARxHalfCplt  stm32f1xx_hal_uart.o
    0x0800461c   0x0800461c   0x0000004e   Code   RO         3381    i.UART_EndRxTransfer  stm32f1xx_hal_uart.o
    0x0800466a   0x0800466a   0x0000001c   Code   RO         3382    i.UART_EndTxTransfer  stm32f1xx_hal_uart.o
    0x08004686   0x08004686   0x000000c2   Code   RO         3383    i.UART_Receive_IT   stm32f1xx_hal_uart.o
    0x08004748   0x08004748   0x000000b8   Code   RO         3384    i.UART_SetConfig    stm32f1xx_hal_uart.o
    0x08004800   0x08004800   0x00000090   Code   RO         3385    i.UART_Start_Receive_DMA  stm32f1xx_hal_uart.o
    0x08004890   0x08004890   0x00000036   Code   RO         3386    i.UART_Start_Receive_IT  stm32f1xx_hal_uart.o
    0x080048c6   0x080048c6   0x00000072   Code   RO         3387    i.UART_WaitOnFlagUntilTimeout  stm32f1xx_hal_uart.o
    0x08004938   0x08004938   0x0000000c   Code   RO          510    i.USART1_IRQHandler  stm32f1xx_it.o
    0x08004944   0x08004944   0x00000030   Code   RO          511    i.USART2_IRQHandler  stm32f1xx_it.o
    0x08004974   0x08004974   0x0000009c   Code   RO         4749    i.Update_Signal_Min_Max  max30102_app.o
    0x08004a10   0x08004a10   0x00000002   Code   RO          512    i.UsageFault_Handler  stm32f1xx_it.o
    0x08004a12   0x08004a12   0x00000002   PAD
    0x08004a14   0x08004a14   0x00000020   Code   RO         5276    i.__0printf         mc_w.l(printfa.o)
    0x08004a34   0x08004a34   0x00000034   Code   RO         5281    i.__0vsnprintf      mc_w.l(printfa.o)
    0x08004a68   0x08004a68   0x00000028   Code   RO         5388    i.__ARM_fpclassify  m_ws.l(fpclassify.o)
    0x08004a90   0x08004a90   0x00000020   Code   RO         1431    i.__NVIC_SetPriority  stm32f1xx_hal_cortex.o
    0x08004ab0   0x08004ab0   0x000000aa   Code   RO         5390    i.__kernel_poly     m_ws.l(poly.o)
    0x08004b5a   0x08004b5a   0x00000002   PAD
    0x08004b5c   0x08004b5c   0x00000010   Code   RO         5374    i.__mathlib_dbl_divzero  m_ws.l(dunder.o)
    0x08004b6c   0x08004b6c   0x00000006   Code   RO         5375    i.__mathlib_dbl_infnan  m_ws.l(dunder.o)
    0x08004b72   0x08004b72   0x00000004   Code   RO         5376    i.__mathlib_dbl_infnan2  m_ws.l(dunder.o)
    0x08004b76   0x08004b76   0x0000000c   Code   RO         5377    i.__mathlib_dbl_invalid  m_ws.l(dunder.o)
    0x08004b82   0x08004b82   0x0000000e   Code   RO         5378    i.__mathlib_dbl_overflow  m_ws.l(dunder.o)
    0x08004b90   0x08004b90   0x00000010   Code   RO         5380    i.__mathlib_dbl_underflow  m_ws.l(dunder.o)
    0x08004ba0   0x08004ba0   0x0000000c   Code   RO         5425    i.__read_errno      mc_w.l(errno.o)
    0x08004bac   0x08004bac   0x0000000e   Code   RO         5465    i.__scatterload_copy  mc_w.l(handlers.o)
    0x08004bba   0x08004bba   0x00000002   Code   RO         5466    i.__scatterload_null  mc_w.l(handlers.o)
    0x08004bbc   0x08004bbc   0x0000000e   Code   RO         5467    i.__scatterload_zeroinit  mc_w.l(handlers.o)
    0x08004bca   0x08004bca   0x00000002   PAD
    0x08004bcc   0x08004bcc   0x0000000c   Code   RO         5426    i.__set_errno       mc_w.l(errno.o)
    0x08004bd8   0x08004bd8   0x00000184   Code   RO         5283    i._fp_digits        mc_w.l(printfa.o)
    0x08004d5c   0x08004d5c   0x0000000e   Code   RO         5454    i._is_digit         mc_w.l(scanf_fp.o)
    0x08004d6a   0x08004d6a   0x00000002   PAD
    0x08004d6c   0x08004d6c   0x000006b4   Code   RO         5284    i._printf_core      mc_w.l(printfa.o)
    0x08005420   0x08005420   0x00000024   Code   RO         5285    i._printf_post_padding  mc_w.l(printfa.o)
    0x08005444   0x08005444   0x0000002e   Code   RO         5286    i._printf_pre_padding  mc_w.l(printfa.o)
    0x08005472   0x08005472   0x00000016   Code   RO         5287    i._snputc           mc_w.l(printfa.o)
    0x08005488   0x08005488   0x00000080   Code   RO         3924    i.accel_self_test   inv_mpu.o
    0x08005508   0x08005508   0x00000270   Code   RO         4981    i.asin              m_ws.l(asin.o)
    0x08005778   0x08005778   0x00000088   Code   RO         4914    i.asr_pro_task      sensor.o
    0x08005800   0x08005800   0x00000220   Code   RO         5365    i.atan              m_ws.l(atan.o)
    0x08005a20   0x08005a20   0x0000019c   Code   RO         4991    i.atan2             m_ws.l(atan2.o)
    0x08005bbc   0x08005bbc   0x0000009c   Code   RO         4818    i.atgm336h_process  atgm336h.o
    0x08005c58   0x08005c58   0x00000038   Code   RO         4819    i.atgm336h_task     atgm336h.o
    0x08005c90   0x08005c90   0x0000002a   Code   RO         4999    i.atof              m_ws.l(atof.o)
    0x08005cba   0x08005cba   0x00000002   PAD
    0x08005cbc   0x08005cbc   0x0000000c   Code   RO         3858    i.dht11_task        dht11.o
    0x08005cc8   0x08005cc8   0x0000003a   Code   RO         4248    i.dmp_enable_6x_lp_quat  inv_mpu_dmp_motion_driver.o
    0x08005d02   0x08005d02   0x00000002   PAD
    0x08005d04   0x08005d04   0x000001d8   Code   RO         4249    i.dmp_enable_feature  inv_mpu_dmp_motion_driver.o
    0x08005edc   0x08005edc   0x0000003c   Code   RO         4250    i.dmp_enable_gyro_cal  inv_mpu_dmp_motion_driver.o
    0x08005f18   0x08005f18   0x0000003a   Code   RO         4251    i.dmp_enable_lp_quat  inv_mpu_dmp_motion_driver.o
    0x08005f52   0x08005f52   0x00000002   PAD
    0x08005f54   0x08005f54   0x00000014   Code   RO         4256    i.dmp_load_motion_driver_firmware  inv_mpu_dmp_motion_driver.o
    0x08005f68   0x08005f68   0x00000168   Code   RO         4257    i.dmp_read_fifo     inv_mpu_dmp_motion_driver.o
    0x080060d0   0x080060d0   0x000000d8   Code   RO         4260    i.dmp_set_accel_bias  inv_mpu_dmp_motion_driver.o
    0x080061a8   0x080061a8   0x00000064   Code   RO         4261    i.dmp_set_fifo_rate  inv_mpu_dmp_motion_driver.o
    0x0800620c   0x0800620c   0x000000cc   Code   RO         4262    i.dmp_set_gyro_bias  inv_mpu_dmp_motion_driver.o
    0x080062d8   0x080062d8   0x0000010c   Code   RO         4264    i.dmp_set_orientation  inv_mpu_dmp_motion_driver.o
    0x080063e4   0x080063e4   0x00000030   Code   RO         4267    i.dmp_set_shake_reject_thresh  inv_mpu_dmp_motion_driver.o
    0x08006414   0x08006414   0x00000020   Code   RO         4268    i.dmp_set_shake_reject_time  inv_mpu_dmp_motion_driver.o
    0x08006434   0x08006434   0x00000020   Code   RO         4269    i.dmp_set_shake_reject_timeout  inv_mpu_dmp_motion_driver.o
    0x08006454   0x08006454   0x00000040   Code   RO         4270    i.dmp_set_tap_axes  inv_mpu_dmp_motion_driver.o
    0x08006494   0x08006494   0x00000022   Code   RO         4271    i.dmp_set_tap_count  inv_mpu_dmp_motion_driver.o
    0x080064b6   0x080064b6   0x00000002   PAD
    0x080064b8   0x080064b8   0x00000128   Code   RO         4272    i.dmp_set_tap_thresh  inv_mpu_dmp_motion_driver.o
    0x080065e0   0x080065e0   0x00000020   Code   RO         4273    i.dmp_set_tap_time  inv_mpu_dmp_motion_driver.o
    0x08006600   0x08006600   0x00000020   Code   RO         4274    i.dmp_set_tap_time_multi  inv_mpu_dmp_motion_driver.o
    0x08006620   0x08006620   0x000001bc   Code   RO         4952    i.esp_init          esp01s.o
    0x080067dc   0x080067dc   0x00000088   Code   RO         4953    i.esp_report        esp01s.o
    0x08006864   0x08006864   0x00000018   Code   RO          424    i.fputc             usart.o
    0x0800687c   0x0800687c   0x000000c0   Code   RO         3925    i.get_accel_prod_shift  inv_mpu.o
    0x0800693c   0x0800693c   0x000003f4   Code   RO         3926    i.get_st_biases     inv_mpu.o
    0x08006d30   0x08006d30   0x000000e4   Code   RO         3927    i.gyro_self_test    inv_mpu.o
    0x08006e14   0x08006e14   0x00000022   Code   RO         3928    i.inv_orientation_matrix_to_scalar  inv_mpu.o
    0x08006e36   0x08006e36   0x00000048   Code   RO         3929    i.inv_row_2_scale   inv_mpu.o
    0x08006e7e   0x08006e7e   0x00000002   PAD
    0x08006e80   0x08006e80   0x0000005c   Code   RO           15    i.main              main.o
    0x08006edc   0x08006edc   0x0000004c   Code   RO         4617    i.max30102_Bus_Read  max30102.o
    0x08006f28   0x08006f28   0x0000003e   Code   RO         4618    i.max30102_Bus_Write  max30102.o
    0x08006f66   0x08006f66   0x0000007a   Code   RO         4619    i.max30102_FIFO_ReadBytes  max30102.o
    0x08006fe0   0x08006fe0   0x00000058   Code   RO         4750    i.max30102_task     max30102_app.o
    0x08007038   0x08007038   0x00000032   Code   RO         4686    i.maxim_find_peaks  algorithm.o
    0x0800706a   0x0800706a   0x00000002   PAD
    0x0800706c   0x0800706c   0x000003c4   Code   RO         4687    i.maxim_heart_rate_and_oxygen_saturation  algorithm.o
    0x08007430   0x08007430   0x0000006a   Code   RO         4688    i.maxim_peaks_above_min_height  algorithm.o
    0x0800749a   0x0800749a   0x00000002   PAD
    0x0800749c   0x0800749c   0x0000006c   Code   RO         4689    i.maxim_remove_close_peaks  algorithm.o
    0x08007508   0x08007508   0x00000032   Code   RO         4690    i.maxim_sort_ascend  algorithm.o
    0x0800753a   0x0800753a   0x00000002   PAD
    0x0800753c   0x0800753c   0x0000003a   Code   RO         4691    i.maxim_sort_indices_descend  algorithm.o
    0x08007576   0x08007576   0x00000002   PAD
    0x08007578   0x08007578   0x0000013c   Code   RO         4435    i.mpu6050_task      mpu6050.o
    0x080076b4   0x080076b4   0x00000054   Code   RO         3930    i.mpu_configure_fifo  inv_mpu.o
    0x08007708   0x08007708   0x0000019c   Code   RO         3931    i.mpu_dmp_get_data  inv_mpu.o
    0x080078a4   0x080078a4   0x000000a0   Code   RO         3932    i.mpu_dmp_init      inv_mpu.o
    0x08007944   0x08007944   0x0000003c   Code   RO         3933    i.mpu_get_accel_fsr  inv_mpu.o
    0x08007980   0x08007980   0x00000044   Code   RO         3935    i.mpu_get_accel_sens  inv_mpu.o
    0x080079c4   0x080079c4   0x00000034   Code   RO         3941    i.mpu_get_gyro_fsr  inv_mpu.o
    0x080079f8   0x080079f8   0x00000040   Code   RO         3943    i.mpu_get_gyro_sens  inv_mpu.o
    0x08007a38   0x08007a38   0x00000038   Code   RO         3945    i.mpu_get_lpf       inv_mpu.o
    0x08007a70   0x08007a70   0x0000001c   Code   RO         3947    i.mpu_get_sample_rate  inv_mpu.o
    0x08007a8c   0x08007a8c   0x00000158   Code   RO         3949    i.mpu_init          inv_mpu.o
    0x08007be4   0x08007be4   0x000000b0   Code   RO         3950    i.mpu_load_firmware  inv_mpu.o
    0x08007c94   0x08007c94   0x000000d4   Code   RO         3951    i.mpu_lp_accel_mode  inv_mpu.o
    0x08007d68   0x08007d68   0x000000c0   Code   RO         3954    i.mpu_read_fifo_stream  inv_mpu.o
    0x08007e28   0x08007e28   0x00000074   Code   RO         3955    i.mpu_read_mem      inv_mpu.o
    0x08007e9c   0x08007e9c   0x000001c0   Code   RO         3958    i.mpu_reset_fifo    inv_mpu.o
    0x0800805c   0x0800805c   0x000000f0   Code   RO         3959    i.mpu_run_self_test  inv_mpu.o
    0x0800814c   0x0800814c   0x00000078   Code   RO         3961    i.mpu_set_accel_fsr  inv_mpu.o
    0x080081c4   0x080081c4   0x00000138   Code   RO         3962    i.mpu_set_bypass    inv_mpu.o
    0x080082fc   0x080082fc   0x00000094   Code   RO         3964    i.mpu_set_dmp_state  inv_mpu.o
    0x08008390   0x08008390   0x00000080   Code   RO         3965    i.mpu_set_gyro_fsr  inv_mpu.o
    0x08008410   0x08008410   0x00000074   Code   RO         3966    i.mpu_set_int_latched  inv_mpu.o
    0x08008484   0x08008484   0x00000080   Code   RO         3968    i.mpu_set_lpf       inv_mpu.o
    0x08008504   0x08008504   0x00000098   Code   RO         3969    i.mpu_set_sample_rate  inv_mpu.o
    0x0800859c   0x0800859c   0x000000dc   Code   RO         3970    i.mpu_set_sensors   inv_mpu.o
    0x08008678   0x08008678   0x00000074   Code   RO         3971    i.mpu_write_mem     inv_mpu.o
    0x080086ec   0x080086ec   0x00000100   Code   RO         3819    i.mq2_task          mq2.o
    0x080087ec   0x080087ec   0x00000032   Code   RO          425    i.my_printf         usart.o
    0x0800881e   0x0800881e   0x00000002   PAD
    0x08008820   0x08008820   0x000009d8   Code   RO         5003    i.pow               m_ws.l(pow.o)
    0x080091f8   0x080091f8   0x0000000e   Code   RO         4866    i.ringbuffer_is_empty  ringbuffer.o
    0x08009206   0x08009206   0x00000012   Code   RO         4867    i.ringbuffer_is_full  ringbuffer.o
    0x08009218   0x08009218   0x00000040   Code   RO         4868    i.ringbuffer_read   ringbuffer.o
    0x08009258   0x08009258   0x00000042   Code   RO         4869    i.ringbuffer_write  ringbuffer.o
    0x0800929a   0x0800929a   0x00000080   Code   RO         3972    i.run_self_test     inv_mpu.o
    0x0800931a   0x0800931a   0x00000002   PAD
    0x0800931c   0x0800931c   0x0000000c   Code   RO         3729    i.scheduler_init    scheduler.o
    0x08009328   0x08009328   0x0000003c   Code   RO         3730    i.scheduler_run     scheduler.o
    0x08009364   0x08009364   0x000000a4   Code   RO         4915    i.sensor_task       sensor.o
    0x08009408   0x08009408   0x0000007c   Code   RO         3973    i.set_int_enable    inv_mpu.o
    0x08009484   0x08009484   0x0000004c   Code   RO         5013    i.sqrt              m_ws.l(sqrt.o)
    0x080094d0   0x080094d0   0x00000012   Data   RO         1129    .constdata          stm32f1xx_hal_rcc.o
    0x080094e2   0x080094e2   0x00000010   Data   RO         3693    .constdata          system_stm32f1xx.o
    0x080094f2   0x080094f2   0x00000008   Data   RO         3694    .constdata          system_stm32f1xx.o
    0x080094fa   0x080094fa   0x0000001e   Data   RO         3974    .constdata          inv_mpu.o
    0x08009518   0x08009518   0x0000000c   Data   RO         3975    .constdata          inv_mpu.o
    0x08009524   0x08009524   0x00000028   Data   RO         3976    .constdata          inv_mpu.o
    0x0800954c   0x0800954c   0x00000bf6   Data   RO         4276    .constdata          inv_mpu_dmp_motion_driver.o
    0x0800a142   0x0800a142   0x000000f6   Data   RO         4693    .constdata          algorithm.o
    0x0800a238   0x0800a238   0x00000050   Data   RO         4982    .constdata          m_ws.l(asin.o)
    0x0800a288   0x0800a288   0x00000088   Data   RO         5004    .constdata          m_ws.l(pow.o)
    0x0800a310   0x0800a310   0x00000098   Data   RO         5366    .constdata          m_ws.l(atan.o)
    0x0800a3a8   0x0800a3a8   0x00000008   Data   RO         5392    .constdata          m_ws.l(qnan.o)
    0x0800a3b0   0x0800a3b0   0x00000040   Data   RO         5459    .constdata          mc_w.l(ctype_c.o)
    0x0800a3f0   0x0800a3f0   0x000001ee   Data   RO         4954    .conststring        esp01s.o
    0x0800a5de   0x0800a5de   0x00000002   PAD
    0x0800a5e0   0x0800a5e0   0x00000020   Data   RO         5463    Region$$Table       anon$$obj.o


    Execution Region RW_IRAM1 (Exec base: 0x20000000, Load base: 0x0800a600, Size: 0x00003fb8, Max: 0x00005000, ABSOLUTE, COMPRESSED[0x00000080])

    Exec Addr    Load Addr    Size         Type   Attr      Idx    E Section Name        Object

    0x20000000   COMPRESSED   0x00000002   Data   RW          428    .data               usart.o
    0x20000002   COMPRESSED   0x00000002   PAD
    0x20000004   COMPRESSED   0x00000004   Data   RW          429    .data               usart.o
    0x20000008   COMPRESSED   0x0000000c   Data   RW          966    .data               stm32f1xx_hal.o
    0x20000014   COMPRESSED   0x00000004   Data   RW         3695    .data               system_stm32f1xx.o
    0x20000018   COMPRESSED   0x00000064   Data   RW         3731    .data               scheduler.o
    0x2000007c   COMPRESSED   0x0000001c   Data   RW         3821    .data               mq2.o
    0x20000098   COMPRESSED   0x00000002   Data   RW         3859    .data               dht11.o
    0x2000009a   COMPRESSED   0x00000002   PAD
    0x2000009c   COMPRESSED   0x00000035   Data   RW         3977    .data               inv_mpu.o
    0x200000d1   COMPRESSED   0x00000003   PAD
    0x200000d4   COMPRESSED   0x00000020   Data   RW         4439    .data               mpu6050.o
    0x200000f4   COMPRESSED   0x00000fd4   Data   RW         4752    .data               max30102_app.o
    0x200010c8   COMPRESSED   0x00000040   Data   RW         4821    .data               atgm336h.o
    0x20001108   COMPRESSED   0x00000040   Data   RW         4822    .data               atgm336h.o
    0x20001148   COMPRESSED   0x00000002   Data   RW         4916    .data               sensor.o
    0x2000114a   COMPRESSED   0x00000002   PAD
    0x2000114c   COMPRESSED   0x00000004   Data   RW         5038    .data               mc_w.l(strtok.o)
    0x20001150   COMPRESSED   0x00000004   Data   RW         5409    .data               mc_w.l(stdout.o)
    0x20001154   COMPRESSED   0x00000004   Data   RW         5427    .data               mc_w.l(errno.o)
    0x20001158        -       0x00000074   Zero   RW          272    .bss                adc.o
    0x200011cc        -       0x00000054   Zero   RW          338    .bss                i2c.o
    0x20001220        -       0x00000048   Zero   RW          380    .bss                tim.o
    0x20001268        -       0x00000504   Zero   RW          426    .bss                usart.o
    0x2000176c        -       0x000003e8   Zero   RW          427    .bss                usart.o
    0x20001b54        -       0x00000078   Zero   RW         3820    .bss                mq2.o
    0x20001bcc        -       0x00000010   Zero   RW         4275    .bss                inv_mpu_dmp_motion_driver.o
    0x20001bdc        -       0x00001760   Zero   RW         4692    .bss                algorithm.o
    0x2000333c        -       0x000000a0   Zero   RW         4751    .bss                max30102_app.o
    0x200033dc        -       0x000007dc   Zero   RW         4820    .bss                atgm336h.o
    0x20003bb8        -       0x00000400   Zero   RW            1    STACK               startup_stm32f103xb.o


==============================================================================

Image component sizes


      Code (inc. data)   RO Data    RW Data    ZI Data      Debug   Object Name

       236         28          0          0        116       1751   adc.o
      1336         20        246          0       5984       7537   algorithm.o
       256         50          0        128       2012       3156   atgm336h.o
       484         40          0          2          0       4876   dht11.o
        60          4          0          0          0        766   dma.o
       580        392        494          0          0        960   esp01s.o
       172         14          0          0          0        939   gpio.o
       156         26          0          0         84       1633   i2c.o
      6070        288         82         53          0      30078   inv_mpu.o
      2386        118       3062          0         16      19090   inv_mpu_dmp_motion_driver.o
       216         10          0          0          0     456920   main.o
       430          8          0          0          0       3484   max30102.o
       590         48          0       4052        160       5839   max30102_app.o
       562         18          0         32          0       4733   mpu6050.o
       256         74          0         28        120       1256   mq2.o
       560         56          0          0          0       5585   myiic.o
       162          0          0          0          0       2708   ringbuffer.o
        72          8          0        100          0       3023   scheduler.o
       364        144          0          2          0       2150   sensor.o
        36          8        236          0       1024        804   startup_stm32f103xb.o
       164         28          0         12          0       5909   stm32f1xx_hal.o
      1356         56          0          0          0       9914   stm32f1xx_hal_adc.o
         2          0          0          0          0       1061   stm32f1xx_hal_adc_ex.o
       198         14          0          0          0      28963   stm32f1xx_hal_cortex.o
       808         36          0          0          0       4994   stm32f1xx_hal_dma.o
       490         34          0          0          0       2892   stm32f1xx_hal_gpio.o
      3666         94          0          0          0      17689   stm32f1xx_hal_i2c.o
        60          8          0          0          0        878   stm32f1xx_hal_msp.o
      1240         84         18          0          0       5116   stm32f1xx_hal_rcc.o
       236         12          0          0          0       1388   stm32f1xx_hal_rcc_ex.o
       654         26          0          0          0       7308   stm32f1xx_hal_tim.o
       104         12          0          0          0       1360   stm32f1xx_hal_tim_ex.o
      2038         24          0          0          0      15137   stm32f1xx_hal_uart.o
       116         38          0          0          0       6124   stm32f1xx_it.o
         2          0         24          4          0       1119   system_stm32f1xx.o
       144         18          0          0         72       1630   tim.o
       602         68          0          6       2284       6489   usart.o

    ----------------------------------------------------------------------
     26916       1906       4196       4428      11872     675259   Object Totals
         0          0         32          0          0          0   (incl. Generated)
        52          0          2          9          0          0   (incl. Padding)

    ----------------------------------------------------------------------

      Code (inc. data)   RO Data    RW Data    ZI Data      Debug   Library Member Name

       624         52         80          0          0        168   asin.o
       544         70        152          0          0        124   atan.o
       412         38          0          0          0        144   atan2.o
        42          0          0          0          0         84   atof.o
        68         10          0          0          0        408   dunder.o
        40          0          0          0          0         68   fpclassify.o
       170          0          0          0          0         96   poly.o
      2520        190        136          0          0        324   pow.o
         0          0          8          0          0          0   qnan.o
        76          0          0          0          0         84   sqrt.o
        86          0          0          0          0          0   __dczerorl2.o
        64          0          0          0          0         84   _sgetc.o
        40          6         64          0          0         68   ctype_c.o
         0          0          0          0          0          0   entry.o
         0          0          0          0          0          0   entry10a.o
         0          0          0          0          0          0   entry11a.o
         4          0          0          0          0          0   entry12b.o
         8          4          0          0          0          0   entry2.o
         4          0          0          0          0          0   entry5.o
         0          0          0          0          0          0   entry7b.o
         0          0          0          0          0          0   entry8b.o
         8          4          0          0          0          0   entry9a.o
        24         12          0          4          0        136   errno.o
        30          0          0          0          0          0   handlers.o
        36          8          0          0          0         68   init.o
        10          0          0          0          0         68   isspace_c.o
         0          0          0          0          0          0   iusefp.o
        98          0          0          0          0         84   ldiv.o
        30          0          0          0          0         68   llshl.o
        36          0          0          0          0         68   llsshr.o
        32          0          0          0          0         68   llushr.o
        26          0          0          0          0         80   memcmp.o
        36          0          0          0          0        108   memseta.o
      2292         96          0          0          0        612   printfa.o
       878         12          0          0          0        216   scanf_fp.o
         0          0          0          4          0          0   stdout.o
        28          0          0          0          0         76   strcmp.o
        24          0          0          0          0         76   strncpy.o
        36          0          0          0          0         80   strstr.o
       156         12          0          0          0        120   strtod.o
        68          6          0          4          0         80   strtok.o
        44          0          0          0          0         80   uidiv.o
        98          0          0          0          0         92   uldiv.o
        48          0          0          0          0         68   cdcmple.o
        48          0          0          0          0         68   cdrcmple.o
        56          0          0          0          0         88   d2f.o
       334          0          0          0          0        148   dadd.o
       222          0          0          0          0        100   ddiv.o
       186          0          0          0          0        176   depilogue.o
        62          0          0          0          0         80   dfixi.o
        50          0          0          0          0         76   dfixui.o
        48          0          0          0          0         68   dfixul.o
        34          0          0          0          0         76   dflti.o
        24          0          0          0          0         76   dfltul.o
       228          0          0          0          0         96   dmul.o
        46          0          0          0          0         80   dscalb.o
       162          0          0          0          0        100   dsqrt.o
        38          0          0          0          0         68   f2d.o
       176          0          0          0          0        140   fadd.o
       124          0          0          0          0         88   fdiv.o
       110          0          0          0          0        168   fepilogue.o
        50          0          0          0          0         68   ffixi.o
        40          0          0          0          0         68   ffixui.o
        18          0          0          0          0         68   fflti.o
        10          0          0          0          0         68   ffltui.o
       100          0          0          0          0         76   fmul.o
        24          0          0          0          0         68   fscalb.o

    ----------------------------------------------------------------------
     10944        520        440         12          0       6012   Library Totals
        14          0          0          0          0          0   (incl. Padding)

    ----------------------------------------------------------------------

      Code (inc. data)   RO Data    RW Data    ZI Data      Debug   Library Name

      4496        360        376          0          0       1500   m_ws.l
      4196        160         64         12          0       2332   mc_w.l
      2238          0          0          0          0       2180   mf_w.l

    ----------------------------------------------------------------------
     10944        520        440         12          0       6012   Library Totals

    ----------------------------------------------------------------------

==============================================================================


      Code (inc. data)   RO Data    RW Data    ZI Data      Debug   

     37860       2426       4636       4440      11872     666787   Grand Totals
     37860       2426       4636        128      11872     666787   ELF Image Totals (compressed)
     37860       2426       4636        128          0          0   ROM Totals

==============================================================================

    Total RO  Size (Code + RO Data)                42496 (  41.50kB)
    Total RW  Size (RW Data + ZI Data)             16312 (  15.93kB)
    Total ROM Size (Code + RO Data + RW Data)      42624 (  41.63kB)

==============================================================================

